Archive member included to satisfy reference by file (symbol)

c:/program files (x86)/atmel/studio/7.0/toolchain/arm/arm-gnu-toolchain/bin/../lib/gcc/arm-none-eabi/6.3.1/thumb/v6-m\libgcc.a(_udivsi3.o)
                              hpl/core/hpl_core_m0plus_base.o (__aeabi_uidiv)
c:/program files (x86)/atmel/studio/7.0/toolchain/arm/arm-gnu-toolchain/bin/../lib/gcc/arm-none-eabi/6.3.1/thumb/v6-m\libgcc.a(_divsi3.o)
                              ADXL345/ADXL34x.o (__aeabi_idiv)
c:/program files (x86)/atmel/studio/7.0/toolchain/arm/arm-gnu-toolchain/bin/../lib/gcc/arm-none-eabi/6.3.1/thumb/v6-m\libgcc.a(_dvmd_tls.o)
                              c:/program files (x86)/atmel/studio/7.0/toolchain/arm/arm-gnu-toolchain/bin/../lib/gcc/arm-none-eabi/6.3.1/thumb/v6-m\libgcc.a(_udivsi3.o) (__aeabi_idiv0)
c:/program files (x86)/atmel/studio/7.0/toolchain/arm/arm-gnu-toolchain/bin/../lib/gcc/arm-none-eabi/6.3.1/thumb/v6-m\libgcc.a(_aeabi_uldivmod.o)
                              hpl/sercom/hpl_sercom.o (__aeabi_uldivmod)
c:/program files (x86)/atmel/studio/7.0/toolchain/arm/arm-gnu-toolchain/bin/../lib/gcc/arm-none-eabi/6.3.1/thumb/v6-m\libgcc.a(_muldi3.o)
                              hpl/sercom/hpl_sercom.o (__aeabi_lmul)
c:/program files (x86)/atmel/studio/7.0/toolchain/arm/arm-gnu-toolchain/bin/../lib/gcc/arm-none-eabi/6.3.1/thumb/v6-m\libgcc.a(_fixunsdfsi.o)
                              hpl/sercom/hpl_sercom.o (__aeabi_d2uiz)
c:/program files (x86)/atmel/studio/7.0/toolchain/arm/arm-gnu-toolchain/bin/../lib/gcc/arm-none-eabi/6.3.1/thumb/v6-m\libgcc.a(_udivmoddi4.o)
                              c:/program files (x86)/atmel/studio/7.0/toolchain/arm/arm-gnu-toolchain/bin/../lib/gcc/arm-none-eabi/6.3.1/thumb/v6-m\libgcc.a(_aeabi_uldivmod.o) (__udivmoddi4)
c:/program files (x86)/atmel/studio/7.0/toolchain/arm/arm-gnu-toolchain/bin/../lib/gcc/arm-none-eabi/6.3.1/thumb/v6-m\libgcc.a(divdf3.o)
                              hpl/sercom/hpl_sercom.o (__aeabi_ddiv)
c:/program files (x86)/atmel/studio/7.0/toolchain/arm/arm-gnu-toolchain/bin/../lib/gcc/arm-none-eabi/6.3.1/thumb/v6-m\libgcc.a(muldf3.o)
                              ADXL345/ADXL34x.o (__aeabi_dmul)
c:/program files (x86)/atmel/studio/7.0/toolchain/arm/arm-gnu-toolchain/bin/../lib/gcc/arm-none-eabi/6.3.1/thumb/v6-m\libgcc.a(subdf3.o)
                              hpl/sercom/hpl_sercom.o (__aeabi_dsub)
c:/program files (x86)/atmel/studio/7.0/toolchain/arm/arm-gnu-toolchain/bin/../lib/gcc/arm-none-eabi/6.3.1/thumb/v6-m\libgcc.a(fixdfsi.o)
                              ADXL345/ADXL34x.o (__aeabi_d2iz)
c:/program files (x86)/atmel/studio/7.0/toolchain/arm/arm-gnu-toolchain/bin/../lib/gcc/arm-none-eabi/6.3.1/thumb/v6-m\libgcc.a(floatsidf.o)
                              ADXL345/ADXL34x.o (__aeabi_i2d)
c:/program files (x86)/atmel/studio/7.0/toolchain/arm/arm-gnu-toolchain/bin/../lib/gcc/arm-none-eabi/6.3.1/thumb/v6-m\libgcc.a(floatunsidf.o)
                              hpl/sercom/hpl_sercom.o (__aeabi_ui2d)
c:/program files (x86)/atmel/studio/7.0/toolchain/arm/arm-gnu-toolchain/bin/../lib/gcc/arm-none-eabi/6.3.1/thumb/v6-m\libgcc.a(extendsfdf2.o)
                              led_flasher_main.o (__aeabi_f2d)
c:/program files (x86)/atmel/studio/7.0/toolchain/arm/arm-gnu-toolchain/bin/../lib/gcc/arm-none-eabi/6.3.1/thumb/v6-m\libgcc.a(truncdfsf2.o)
                              ADXL345/ADXL34x.o (__aeabi_d2f)
c:/program files (x86)/atmel/studio/7.0/toolchain/arm/arm-gnu-toolchain/bin/../lib/gcc/arm-none-eabi/6.3.1/thumb/v6-m\libgcc.a(_arm_cmpdf2.o)
                              c:/program files (x86)/atmel/studio/7.0/toolchain/arm/arm-gnu-toolchain/bin/../lib/gcc/arm-none-eabi/6.3.1/thumb/v6-m\libgcc.a(_fixunsdfsi.o) (__aeabi_dcmpge)
c:/program files (x86)/atmel/studio/7.0/toolchain/arm/arm-gnu-toolchain/bin/../lib/gcc/arm-none-eabi/6.3.1/thumb/v6-m\libgcc.a(_clzsi2.o)
                              c:/program files (x86)/atmel/studio/7.0/toolchain/arm/arm-gnu-toolchain/bin/../lib/gcc/arm-none-eabi/6.3.1/thumb/v6-m\libgcc.a(divdf3.o) (__clzsi2)
c:/program files (x86)/atmel/studio/7.0/toolchain/arm/arm-gnu-toolchain/bin/../lib/gcc/arm-none-eabi/6.3.1/thumb/v6-m\libgcc.a(_clzdi2.o)
                              c:/program files (x86)/atmel/studio/7.0/toolchain/arm/arm-gnu-toolchain/bin/../lib/gcc/arm-none-eabi/6.3.1/thumb/v6-m\libgcc.a(_udivmoddi4.o) (__clzdi2)
c:/program files (x86)/atmel/studio/7.0/toolchain/arm/arm-gnu-toolchain/bin/../lib/gcc/arm-none-eabi/6.3.1/thumb/v6-m\libgcc.a(eqdf2.o)
                              c:/program files (x86)/atmel/studio/7.0/toolchain/arm/arm-gnu-toolchain/bin/../lib/gcc/arm-none-eabi/6.3.1/thumb/v6-m\libgcc.a(_arm_cmpdf2.o) (__eqdf2)
c:/program files (x86)/atmel/studio/7.0/toolchain/arm/arm-gnu-toolchain/bin/../lib/gcc/arm-none-eabi/6.3.1/thumb/v6-m\libgcc.a(gedf2.o)
[...]
Memory Configuration

Name             Origin             Length             Attributes
rom              0x00000000         0x00040000         xr
ram              0x20000000         0x00008000         xrw
*default*        0x00000000         0xffffffff

Linker script and memory map

LOAD c:/program files (x86)/atmel/studio/7.0/toolchain/arm/arm-gnu-toolchain/bin/../lib/gcc/arm-none-eabi/6.3.1/thumb/v6-m/crti.o
LOAD c:/program files (x86)/atmel/studio/7.0/toolchain/arm/arm-gnu-toolchain/bin/../lib/gcc/arm-none-eabi/6.3.1/thumb/v6-m/crtbegin.o
LOAD c:/program files (x86)/atmel/studio/7.0/toolchain/arm/arm-gnu-toolchain/bin/../lib/gcc/arm-none-eabi/6.3.1/../../../../arm-none-eabi/lib/thumb/v6-m/crt0.o
LOAD ADXL345/ADXL34x.o
LOAD ADXL345/ADXL34x_I2C.o
LOAD atmel_start.o
LOAD Device_Startup/startup_samd21.o
LOAD Device_Startup/system_samd21.o
LOAD driver_init.o
LOAD examples/driver_examples.o
LOAD hal/src/hal_atomic.o
LOAD hal/src/hal_delay.o
LOAD hal/src/hal_gpio.o
LOAD hal/src/hal_i2c_m_sync.o
LOAD hal/src/hal_init.o
LOAD hal/src/hal_io.o
LOAD hal/src/hal_sleep.o
LOAD hal/src/hal_usart_sync.o
LOAD hal/utils/src/utils_assert.o
LOAD hal/utils/src/utils_event.o
LOAD hal/utils/src/utils_list.o
LOAD hal/utils/src/utils_syscalls.o
LOAD hpl/core/hpl_core_m0plus_base.o
LOAD hpl/core/hpl_init.o
LOAD hpl/dmac/hpl_dmac.o
LOAD hpl/gclk/hpl_gclk.o
LOAD hpl/pm/hpl_pm.o
LOAD hpl/sercom/hpl_sercom.o
LOAD hpl/sysctrl/hpl_sysctrl.o
LOAD hpl/systick/hpl_systick.o
LOAD led_flasher_main.o
LOAD stdio_redirect/gcc/read.o
LOAD stdio_redirect/gcc/write.o
LOAD stdio_redirect/stdio_io.o
LOAD stdio_start.o
START GROUP
LOAD c:/program files (x86)/atmel/studio/7.0/toolchain/arm/arm-gnu-toolchain/bin/../lib/gcc/arm-none-eabi/6.3.1/../../../../arm-none-eabi/lib/thumb/v6-m\libm.a
END GROUP
START GROUP
LOAD c:/program files (x86)/atmel/studio/7.0/toolchain/arm/arm-gnu-toolchain/bin/../lib/gcc/arm-none-eabi/6.3.1/thumb/v6-m\libgcc.a
LOAD c:/program files (x86)/atmel/studio/7.0/toolchain/arm/arm-gnu-toolchain/bin/../lib/gcc/arm-none-eabi/6.3.1/../../../../arm-none-eabi/lib/thumb/v6-m\libc.a
END GROUP
LOAD c:/program files (x86)/atmel/studio/7.0/toolchain/arm/arm-gnu-toolchain/bin/../lib/gcc/arm-none-eabi/6.3.1/thumb/v6-m/crtend.o
LOAD c:/program files (x86)/atmel/studio/7.0/toolchain/arm/arm-gnu-toolchain/bin/../lib/gcc/arm-none-eabi/6.3.1/thumb/v6-m/crtn.o
                0x00002000                STACK_SIZE = DEFINED (STACK_SIZE)?STACK_SIZE:DEFINED (__stack_size__)?__stack_size__:0x2000

.text           0x00000000     0x8dd4
                0x00000000                . = ALIGN (0x4)
                0x00000000                _sfixed = .
 *(.vectors .vectors.*)
 .vectors       0x00000000       0xb4 Device_Startup/startup_samd21.o
                0x00000000                exception_table
 *(.text .text.* .gnu.linkonce.t.*)
 .text          0x000000b4       0x60 c:/program files (x86)/atmel/studio/7.0/toolchain/arm/arm-gnu-toolchain/bin/../lib/gcc/arm-none-eabi/6.3.1/thumb/v6-m/crtbegin.o
 .text.adxl34x_init
                0x00000114       0x4c ADXL345/ADXL34x.o
                0x00000114                adxl34x_init
 .text.adxl34x_set_Range
                0x00000160       0x54 ADXL345/ADXL34x.o
                0x00000160                adxl34x_set_Range
 .text.adxl34x_get_Range
                0x000001b4       0x14 ADXL345/ADXL34x.o
                0x000001b4                adxl34x_get_Range
 .text.adxl34x_set_DataRate
                0x000001c8       0x14 ADXL345/ADXL34x.o
                0x000001c8                adxl34x_set_DataRate
 .text.adxl34x_get_DataRate
                0x000001dc       0x14 ADXL345/ADXL34x.o
                0x000001dc                adxl34x_get_DataRate
 .text.adxl34x_refresh_xyz
                0x000001f0       0x94 ADXL345/ADXL34x.o
                0x000001f0                adxl34x_refresh_xyz
 .text.adxl34x_get_axisOffset
                0x00000284       0x20 ADXL345/ADXL34x.o
                0x00000284                adxl34x_get_axisOffset
 .text.adxl34x_set_axisOffset
                0x000002a4       0x20 ADXL345/ADXL34x.o
                0x000002a4                adxl34x_set_axisOffset
 .text.adxl34x_set_zeroOffset
                0x000002c4      0x1f0 ADXL345/ADXL34x.o
                0x000002c4                adxl34x_set_zeroOffset
 .text.i2c_driver_write
                0x000004b4       0x34 ADXL345/ADXL34x_I2C.o
                0x000004b4                i2c_driver_write
 .text.i2c_driver_read
                0x000004e8       0x20 ADXL345/ADXL34x_I2C.o
                0x000004e8                i2c_driver_read
 .text.i2c_driver_read16
                0x00000508       0x28 ADXL345/ADXL34x_I2C.o
                0x00000508                i2c_driver_read16
 .text.i2c_delay_ms
                0x00000530       0x10 ADXL345/ADXL34x_I2C.o
                0x00000530                i2c_delay_ms
 .text.atmel_start_init
                0x00000540       0x14 atmel_start.o
                0x00000540                atmel_start_init
 .text.Dummy_Handler
                0x00000554        0x2 Device_Startup/startup_samd21.o
                0x00000554                SVCall_Handler
                0x00000554                DMAC_Handler
                0x00000554                HardFault_Handler
                0x00000554                AC_Handler
                0x00000554                SysTick_Handler
                0x00000554                PendSV_Handler
                0x00000554                TC7_Handler
                0x00000554                SERCOM1_Handler
                0x00000554                ADC_Handler
                0x00000554                NonMaskableInt_Handler
                0x00000554                TCC1_Handler
                0x00000554                SERCOM2_Handler
                0x00000554                TCC0_Handler
                0x00000554                RTC_Handler
                0x00000554                EIC_Handler
                0x00000554                TC6_Handler
                0x00000554                WDT_Handler
                0x00000554                TC4_Handler
                0x00000554                USB_Handler
                0x00000554                TC3_Handler
                0x00000554                Dummy_Handler
                0x00000554                PM_Handler
                0x00000554                SERCOM5_Handler
                0x00000554                TCC2_Handler
                0x00000554                EVSYS_Handler
                0x00000554                SERCOM3_Handler
                0x00000554                SERCOM4_Handler
                0x00000554                I2S_Handler
                0x00000554                NVMCTRL_Handler
                0x00000554                SERCOM0_Handler
                0x00000554                DAC_Handler
                0x00000554                PTC_Handler
                0x00000554                TC5_Handler
                0x00000554                SYSCTRL_Handler
 *fill*         0x00000556        0x2 
 .text.Reset_Handler
                0x00000558       0xe4 Device_Startup/startup_samd21.o
                0x00000558                Reset_Handler
 .text.I2C_ADXL345_PORT_init
                0x0000063c       0x50 driver_init.o
                0x0000063c                I2C_ADXL345_PORT_init
 .text.I2C_ADXL345_CLOCK_init
                0x0000068c       0x28 driver_init.o
                0x0000068c                I2C_ADXL345_CLOCK_init
 .text.I2C_ADXL345_init
                0x000006b4       0x28 driver_init.o
                0x000006b4                I2C_ADXL345_init
 .text.TARGET_IO_PORT_init
                0x000006dc       0x40 driver_init.o
                0x000006dc                TARGET_IO_PORT_init
 .text.TARGET_IO_CLOCK_init
                0x0000071c       0x20 driver_init.o
                0x0000071c                TARGET_IO_CLOCK_init
 .text.TARGET_IO_init
                0x0000073c       0x2c driver_init.o
                0x0000073c                TARGET_IO_init
 .text.delay_driver_init
                0x00000768       0x14 driver_init.o
                0x00000768                delay_driver_init
 .text.system_init
                0x0000077c       0x50 driver_init.o
                0x0000077c                system_init
 .text.delay_init
                0x000007cc       0x14 hal/src/hal_delay.o
                0x000007cc                delay_init
 .text.delay_ms
                0x000007e0       0x20 hal/src/hal_delay.o
                0x000007e0                delay_ms
 .text.i2c_m_sync_write
                0x00000800       0x30 hal/src/hal_i2c_m_sync.o
 .text.i2c_m_sync_read
                0x00000830       0x30 hal/src/hal_i2c_m_sync.o
 .text.i2c_m_sync_init
                0x00000860       0x40 hal/src/hal_i2c_m_sync.o
                0x00000860                i2c_m_sync_init
 .text.i2c_m_sync_enable
                0x000008a0        0xc hal/src/hal_i2c_m_sync.o
                0x000008a0                i2c_m_sync_enable
 .text.i2c_m_sync_set_slaveaddr
                0x000008ac       0x12 hal/src/hal_i2c_m_sync.o
                0x000008ac                i2c_m_sync_set_slaveaddr
 *fill*         0x000008be        0x2 
 .text.i2c_m_sync_cmd_read
                0x000008c0       0x48 hal/src/hal_i2c_m_sync.o
                0x000008c0                i2c_m_sync_cmd_read
 .text.i2c_m_sync_transfer
                0x00000908        0xc hal/src/hal_i2c_m_sync.o
                0x00000908                i2c_m_sync_transfer
 .text.io_write
                0x00000914       0x34 hal/src/hal_io.o
                0x00000914                io_write
 .text.io_read  0x00000948       0x34 hal/src/hal_io.o
                0x00000948                io_read
 .text.usart_sync_write
                0x0000097c       0x7c hal/src/hal_usart_sync.o
 .text.usart_sync_read
                0x000009f8       0x68 hal/src/hal_usart_sync.o
 .text.usart_sync_init
                0x00000a60       0x4c hal/src/hal_usart_sync.o
                0x00000a60                usart_sync_init
 .text.usart_sync_enable
                0x00000aac       0x2c hal/src/hal_usart_sync.o
                0x00000aac                usart_sync_enable
 .text.assert   0x00000ad8        0x8 hal/utils/src/utils_assert.o
                0x00000ad8                assert
 .text._sbrk    0x00000ae0       0x24 hal/utils/src/utils_syscalls.o
                0x00000ae0                _sbrk
 .text._close   0x00000b04        0x6 hal/utils/src/utils_syscalls.o
                0x00000b04                _close
 .text._fstat   0x00000b0a        0xa hal/utils/src/utils_syscalls.o
                0x00000b0a                _fstat
 .text._isatty  0x00000b14        0x4 hal/utils/src/utils_syscalls.o
                0x00000b14                _isatty
 .text._lseek   0x00000b18        0x4 hal/utils/src/utils_syscalls.o
                0x00000b18                _lseek
 .text._get_cycles_for_ms
                0x00000b1c        0x8 hpl/core/hpl_core_m0plus_base.o
                0x00000b1c                _get_cycles_for_ms
 .text._init_chip
                0x00000b24       0x30 hpl/core/hpl_init.o
                0x00000b24                _init_chip
 .text._gclk_init_generators_by_fref
                0x00000b54       0x20 hpl/gclk/hpl_gclk.o
                0x00000b54                _gclk_init_generators_by_fref
 .text._pm_init
                0x00000b74       0x20 hpl/pm/hpl_pm.o
                0x00000b74                _pm_init
 .text._get_i2cm_index
                0x00000b94       0x30 hpl/sercom/hpl_sercom.o
 .text._i2c_m_sync_init_impl
                0x00000bc4       0xdc hpl/sercom/hpl_sercom.o
 .text._usart_init
                0x00000ca0       0x9c hpl/sercom/hpl_sercom.o
 .text._usart_sync_init
                0x00000d3c       0x2c hpl/sercom/hpl_sercom.o
                0x00000d3c                _usart_sync_init
 .text._usart_sync_enable
                0x00000d68       0x14 hpl/sercom/hpl_sercom.o
                0x00000d68                _usart_sync_enable
 .text._usart_sync_write_byte
                0x00000d7c        0x8 hpl/sercom/hpl_sercom.o
                0x00000d7c                _usart_sync_write_byte
 .text._usart_sync_read_byte
                0x00000d84        0x8 hpl/sercom/hpl_sercom.o
                0x00000d84                _usart_sync_read_byte
 .text._usart_sync_is_ready_to_send
                0x00000d8c        0xa hpl/sercom/hpl_sercom.o
                0x00000d8c                _usart_sync_is_ready_to_send
 .text._usart_sync_is_transmit_done
                0x00000d96        0xa hpl/sercom/hpl_sercom.o
                0x00000d96                _usart_sync_is_transmit_done
 .text._usart_sync_is_byte_received
                0x00000da0        0xa hpl/sercom/hpl_sercom.o
                0x00000da0                _usart_sync_is_byte_received
 *fill*         0x00000daa        0x2 
 .text._i2c_m_sync_init
                0x00000dac       0x30 hpl/sercom/hpl_sercom.o
                0x00000dac                _i2c_m_sync_init
 .text._i2c_m_sync_enable
                0x00000ddc       0x84 hpl/sercom/hpl_sercom.o
                0x00000ddc                _i2c_m_sync_enable
 .text._i2c_m_sync_transfer
                0x00000e60      0x538 hpl/sercom/hpl_sercom.o
                0x00000e60                _i2c_m_sync_transfer
 .text._sysctrl_init_sources
                0x00001398       0x44 hpl/sysctrl/hpl_sysctrl.o
                0x00001398                _sysctrl_init_sources
 .text._sysctrl_init_referenced_generators
                0x000013dc       0x10 hpl/sysctrl/hpl_sysctrl.o
                0x000013dc                _sysctrl_init_referenced_generators
 .text._delay_init
                0x000013ec       0x14 hpl/systick/hpl_systick.o
                0x000013ec                _delay_init
 .text._delay_cycles
                0x00001400       0x54 hpl/systick/hpl_systick.o
                0x00001400                _delay_cycles
 .text.main     0x00001454      0x14c led_flasher_main.o
                0x00001454                main
 .text._read    0x000015a0       0x28 stdio_redirect/gcc/read.o
                0x000015a0                _read
 .text._write   0x000015c8       0x28 stdio_redirect/gcc/write.o
                0x000015c8                _write
 .text.stdio_io_init
                0x000015f0       0x2c stdio_redirect/stdio_io.o
                0x000015f0                stdio_io_init
 .text.stdio_io_read
                0x0000161c       0x24 stdio_redirect/stdio_io.o
                0x0000161c                stdio_io_read
 .text.stdio_io_write
                0x00001640       0x24 stdio_redirect/stdio_io.o
                0x00001640                stdio_io_write
 .text.stdio_redirect_init
                0x00001664       0x20 stdio_start.o
                0x00001664                stdio_redirect_init
 .text          0x00001684      0x114 c:/program files (x86)/atmel/studio/7.0/toolchain/arm/arm-gnu-toolchain/bin/../lib/gcc/arm-none-eabi/6.3.1/thumb/v6-m\libgcc.a(_udivsi3.o)
                0x00001684                __aeabi_uidiv
                0x00001684                __udivsi3
                0x00001790                __aeabi_uidivmod
 .text          0x00001798      0x1d4 c:/program files (x86)/atmel/studio/7.0/toolchain/arm/arm-gnu-toolchain/bin/../lib/gcc/arm-none-eabi/6.3.1/thumb/v6-m\libgcc.a(_divsi3.o)
                0x00001798                __divsi3
                0x00001798                __aeabi_idiv
                0x00001964                __aeabi_idivmod
 .text          0x0000196c        0x4 c:/program files (x86)/atmel/studio/7.0/toolchain/arm/arm-gnu-toolchain/bin/../lib/gcc/arm-none-eabi/6.3.1/thumb/v6-m\libgcc.a(_dvmd_tls.o)
                0x0000196c                __aeabi_idiv0
                0x0000196c                __aeabi_ldiv0
 .text          0x00001970       0x40 c:/program files (x86)/atmel/studio/7.0/toolchain/arm/arm-gnu-toolchain/bin/../lib/gcc/arm-none-eabi/6.3.1/thumb/v6-m\libgcc.a(_aeabi_uldivmod.o)
                0x00001970                __aeabi_uldivmod
 .text          0x000019b0      0x180 c:/program files (x86)/atmel/studio/7.0/toolchain/arm/arm-gnu-toolchain/bin/../lib/gcc/arm-none-eabi/6.3.1/thumb/v6-m\libgcc.a(_udivmoddi4.o)
                0x000019b0                __udivmoddi4
 .text          0x00001b30      0x668 c:/program files (x86)/atmel/studio/7.0/toolchain/arm/arm-gnu-toolchain/bin/../lib/gcc/arm-none-eabi/6.3.1/thumb/v6-m\libgcc.a(divdf3.o)
                0x00001b30                __aeabi_ddiv
 .text          0x00002198      0x500 c:/program files (x86)/atmel/studio/7.0/toolchain/arm/arm-gnu-toolchain/bin/../lib/gcc/arm-none-eabi/6.3.1/thumb/v6-m\libgcc.a(muldf3.o)
                0x00002198                __aeabi_dmul
 .text          0x00002698      0x62c c:/program files (x86)/atmel/studio/7.0/toolchain/arm/arm-gnu-toolchain/bin/../lib/gcc/arm-none-eabi/6.3.1/thumb/v6-m\libgcc.a(subdf3.o)
                0x00002698                __aeabi_dsub
 .text          0x00002cc4       0x68 c:/program files (x86)/atmel/studio/7.0/toolchain/arm/arm-gnu-toolchain/bin/../lib/gcc/arm-none-eabi/6.3.1/thumb/v6-m\libgcc.a(fixdfsi.o)
                0x00002cc4                __aeabi_d2iz
 .text          0x00002d2c       0x84 c:/program files (x86)/atmel/studio/7.0/toolchain/arm/arm-gnu-toolchain/bin/../lib/gcc/arm-none-eabi/6.3.1/thumb/v6-m\libgcc.a(floatsidf.o)
                0x00002d2c                __aeabi_i2d
 .text          0x00002db0       0x70 c:/program files (x86)/atmel/studio/7.0/toolchain/arm/arm-gnu-toolchain/bin/../lib/gcc/arm-none-eabi/6.3.1/thumb/v6-m\libgcc.a(floatunsidf.o)
                0x00002db0                __aeabi_ui2d
 .text          0x00002e20       0xa4 c:/program files (x86)/atmel/studio/7.0/toolchain/arm/arm-gnu-toolchain/bin/../lib/gcc/arm-none-eabi/6.3.1/thumb/v6-m\libgcc.a(extendsfdf2.o)
                0x00002e20                __aeabi_f2d
 .text          0x00002ec4      0x114 c:/program files (x86)/atmel/studio/7.0/toolchain/arm/arm-gnu-toolchain/bin/../lib/gcc/arm-none-eabi/6.3.1/thumb/v6-m\libgcc.a(truncdfsf2.o)
                0x00002ec4                __aeabi_d2f
 .text          0x00002fd8       0x7c c:/program files (x86)/atmel/studio/7.0/toolchain/arm/arm-gnu-toolchain/bin/../lib/gcc/arm-none-eabi/6.3.1/thumb/v6-m\libgcc.a(_arm_cmpdf2.o)
                0x00002fd8                __aeabi_cdrcmple
                0x00002fe8                __aeabi_cdcmple
                0x00002fe8                __aeabi_cdcmpeq
                0x00002ff8                __aeabi_dcmpeq
                0x00003004                __aeabi_dcmplt
                0x00003018                __aeabi_dcmple
                0x0000302c                __aeabi_dcmpgt
                0x00003040                __aeabi_dcmpge
 .text          0x00003054       0x3c c:/program files (x86)/atmel/studio/7.0/toolchain/arm/arm-gnu-toolchain/bin/../lib/gcc/arm-none-eabi/6.3.1/thumb/v6-m\libgcc.a(_clzsi2.o)
                0x00003054                __clzsi2
 .text          0x00003090       0x18 c:/program files (x86)/atmel/studio/7.0/toolchain/arm/arm-gnu-toolchain/bin/../lib/gcc/arm-none-eabi/6.3.1/thumb/v6-m\libgcc.a(_clzdi2.o)
                0x00003090                __clzdi2
 .text          0x000030a8       0x74 c:/program files (x86)/atmel/studio/7.0/toolchain/arm/arm-gnu-toolchain/bin/../lib/gcc/arm-none-eabi/6.3.1/thumb/v6-m\libgcc.a(eqdf2.o)
                0x000030a8                __nedf2
                0x000030a8                __eqdf2
 .text          0x0000311c       0xc8 c:/program files (x86)/atmel/studio/7.0/toolchain/arm/arm-gnu-toolchain/bin/../lib/gcc/arm-none-eabi/6.3.1/thumb/v6-m\libgcc.a(gedf2.o)
                0x0000311c                __gedf2
                0x0000311c                __gtdf2
 .text          0x000031e4       0xc4 c:/program files (x86)/atmel/studio/7.0/toolchain/arm/arm-gnu-toolchain/bin/../lib/gcc/arm-none-eabi/6.3.1/thumb/v6-m\libgcc.a(ledf2.o)
                0x000031e4                __ledf2
                0x000031e4                __ltdf2
 .text.__libc_init_array
                0x000032a8       0x48 c:/program files (x86)/atmel/studio/7.0/toolchain/arm/arm-gnu-toolchain/bin/../lib/gcc/arm-none-eabi/6.3.1/../../../../arm-none-eabi/lib/thumb/v6-m\libc.a(lib_a-init.o)
                0x000032a8                __libc_init_array
 .text.memset   0x000032f0       0x94 c:/program files (x86)/atmel/studio/7.0/toolchain/arm/arm-gnu-toolchain/bin/../lib/gcc/arm-none-eabi/6.3.1/../../../../arm-none-eabi/lib/thumb/v6-m\libc.a(lib_a-memset.o)
                0x000032f0                memset
 .text.printf   0x00003384       0x24 c:/program files (x86)/atmel/studio/7.0/toolchain/arm/arm-gnu-toolchain/bin/../lib/gcc/arm-none-eabi/6.3.1/../../../../arm-none-eabi/lib/thumb/v6-m\libc.a(lib_a-printf.o)
                0x00003384                printf
 .text._puts_r  0x000033a8       0xa0 c:/program files (x86)/atmel/studio/7.0/toolchain/arm/arm-gnu-toolchain/bin/../lib/gcc/arm-none-eabi/6.3.1/../../../../arm-none-eabi/lib/thumb/v6-m\libc.a(lib_a-puts.o)
                0x000033a8                _puts_r
 .text.puts     0x00003448       0x14 c:/program files (x86)/atmel/studio/7.0/toolchain/arm/arm-gnu-toolchain/bin/../lib/gcc/arm-none-eabi/6.3.1/../../../../arm-none-eabi/lib/thumb/v6-m\libc.a(lib_a-puts.o)
                0x00003448                puts
 .text.setbuf   0x0000345c       0x14 c:/program files (x86)/atmel/studio/7.0/toolchain/arm/arm-gnu-toolchain/bin/../lib/gcc/arm-none-eabi/6.3.1/../../../../arm-none-eabi/lib/thumb/v6-m\libc.a(lib_a-setbuf.o)
                0x0000345c                setbuf
 .text.setvbuf  0x00003470      0x1a0 c:/program files (x86)/atmel/studio/7.0/toolchain/arm/arm-gnu-toolchain/bin/../lib/gcc/arm-none-eabi/6.3.1/../../../../arm-none-eabi/lib/thumb/v6-m\libc.a(lib_a-setvbuf.o)
                0x00003470                setvbuf
 .text.strlen   0x00003610       0x64 c:/program files (x86)/atmel/studio/7.0/toolchain/arm/arm-gnu-toolchain/bin/../lib/gcc/arm-none-eabi/6.3.1/../../../../arm-none-eabi/lib/thumb/v6-m\libc.a(lib_a-strlen-stub.o)
                0x00003610                strlen
 .text._vfprintf_r
                0x00003674     0x16d8 c:/program files (x86)/atmel/studio/7.0/toolchain/arm/arm-gnu-toolchain/bin/../lib/gcc/arm-none-eabi/6.3.1/../../../../arm-none-eabi/lib/thumb/v6-m\libc.a(lib_a-vfprintf.o)
                0x00003674                _vfprintf_r
 .text.__sbprintf
                0x00004d4c       0x88 c:/program files (x86)/atmel/studio/7.0/toolchain/arm/arm-gnu-toolchain/bin/../lib/gcc/arm-none-eabi/6.3.1/../../../../arm-none-eabi/lib/thumb/v6-m\libc.a(lib_a-vfprintf.o)
 .text.__swsetup_r
                0x00004dd4       0xd4 c:/program files (x86)/atmel/studio/7.0/toolchain/arm/arm-gnu-toolchain/bin/../lib/gcc/arm-none-eabi/6.3.1/../../../../arm-none-eabi/lib/thumb/v6-m\libc.a(lib_a-wsetup.o)
                0x00004dd4                __swsetup_r
 .text.startup.register_fini
                0x00004ea8       0x18 c:/program files (x86)/atmel/studio/7.0/toolchain/arm/arm-gnu-toolchain/bin/../lib/gcc/arm-none-eabi/6.3.1/../../../../arm-none-eabi/lib/thumb/v6-m\libc.a(lib_a-__call_atexit.o)
 .text.atexit   0x00004ec0       0x10 c:/program files (x86)/atmel/studio/7.0/toolchain/arm/arm-gnu-toolchain/bin/../lib/gcc/arm-none-eabi/6.3.1/../../../../arm-none-eabi/lib/thumb/v6-m\libc.a(lib_a-atexit.o)
                0x00004ec0                atexit
 .text.quorem   0x00004ed0      0x154 c:/program files (x86)/atmel/studio/7.0/toolchain/arm/arm-gnu-toolchain/bin/../lib/gcc/arm-none-eabi/6.3.1/../../../../arm-none-eabi/lib/thumb/v6-m\libc.a(lib_a-dtoa.o)
 .text._dtoa_r  0x00005024      0xf88 c:/program files (x86)/atmel/studio/7.0/toolchain/arm/arm-gnu-toolchain/bin/../lib/gcc/arm-none-eabi/6.3.1/../../../../arm-none-eabi/lib/thumb/v6-m\libc.a(lib_a-dtoa.o)
                0x00005024                _dtoa_r
 .text.__sflush_r
                0x00005fac      0x150 c:/program files (x86)/atmel/studio/7.0/toolchain/arm/arm-gnu-toolchain/bin/../lib/gcc/arm-none-eabi/6.3.1/../../../../arm-none-eabi/lib/thumb/v6-m\libc.a(lib_a-fflush.o)
                0x00005fac                __sflush_r
 .text._fflush_r
                0x000060fc       0x54 c:/program files (x86)/atmel/studio/7.0/toolchain/arm/arm-gnu-toolchain/bin/../lib/gcc/arm-none-eabi/6.3.1/../../../../arm-none-eabi/lib/thumb/v6-m\libc.a(lib_a-fflush.o)
                0x000060fc                _fflush_r
 .text._cleanup_r
                0x00006150       0x10 c:/program files (x86)/atmel/studio/7.0/toolchain/arm/arm-gnu-toolchain/bin/../lib/gcc/arm-none-eabi/6.3.1/../../../../arm-none-eabi/lib/thumb/v6-m\libc.a(lib_a-findfp.o)
                0x00006150                _cleanup_r
 .text.std.isra.0
                0x00006160       0x50 c:/program files (x86)/atmel/studio/7.0/toolchain/arm/arm-gnu-toolchain/bin/../lib/gcc/arm-none-eabi/6.3.1/../../../../arm-none-eabi/lib/thumb/v6-m\libc.a(lib_a-findfp.o)
 .text.__sinit  0x000061b0       0x60 c:/program files (x86)/atmel/studio/7.0/toolchain/arm/arm-gnu-toolchain/bin/../lib/gcc/arm-none-eabi/6.3.1/../../../../arm-none-eabi/lib/thumb/v6-m\libc.a(lib_a-findfp.o)
                0x000061b0                __sinit
 .text.__sfp_lock_acquire
                0x00006210       0x10 c:/program files (x86)/atmel/studio/7.0/toolchain/arm/arm-gnu-toolchain/bin/../lib/gcc/arm-none-eabi/6.3.1/../../../../arm-none-eabi/lib/thumb/v6-m\libc.a(lib_a-findfp.o)
                0x00006210                __sfp_lock_acquire
 .text.__sfp_lock_release
                0x00006220       0x10 c:/program files (x86)/atmel/studio/7.0/toolchain/arm/arm-gnu-toolchain/bin/../lib/gcc/arm-none-eabi/6.3.1/../../../../arm-none-eabi/lib/thumb/v6-m\libc.a(lib_a-findfp.o)
                0x00006220                __sfp_lock_release
 .text.__libc_fini_array
                0x00006230       0x34 c:/program files (x86)/atmel/studio/7.0/toolchain/arm/arm-gnu-toolchain/bin/../lib/gcc/arm-none-eabi/6.3.1/../../../../arm-none-eabi/lib/thumb/v6-m\libc.a(lib_a-fini.o)
                0x00006230                __libc_fini_array
 .text._malloc_trim_r
                0x00006264       0xa0 c:/program files (x86)/atmel/studio/7.0/toolchain/arm/arm-gnu-toolchain/bin/../lib/gcc/arm-none-eabi/6.3.1/../../../../arm-none-eabi/lib/thumb/v6-m\libc.a(lib_a-freer.o)
                0x00006264                _malloc_trim_r
 .text._free_r  0x00006304      0x1bc c:/program files (x86)/atmel/studio/7.0/toolchain/arm/arm-gnu-toolchain/bin/../lib/gcc/arm-none-eabi/6.3.1/../../../../arm-none-eabi/lib/thumb/v6-m\libc.a(lib_a-freer.o)
                0x00006304                _free_r
 .text.__sfvwrite_r
                0x000064c0      0x304 c:/program files (x86)/atmel/studio/7.0/toolchain/arm/arm-gnu-toolchain/bin/../lib/gcc/arm-none-eabi/6.3.1/../../../../arm-none-eabi/lib/thumb/v6-m\libc.a(lib_a-fvwrite.o)
                0x000064c0                __sfvwrite_r
 .text._fwalk_reent
                0x000067c4       0x4c c:/program files (x86)/atmel/studio/7.0/toolchain/arm/arm-gnu-toolchain/bin/../lib/gcc/arm-none-eabi/6.3.1/../../../../arm-none-eabi/lib/thumb/v6-m\libc.a(lib_a-fwalk.o)
                0x000067c4                _fwalk_reent
 .text._localeconv_r
                0x00006810       0x1c c:/program files (x86)/atmel/studio/7.0/toolchain/arm/arm-gnu-toolchain/bin/../lib/gcc/arm-none-eabi/6.3.1/../../../../arm-none-eabi/lib/thumb/v6-m\libc.a(lib_a-localeconv.o)
                0x00006810                _localeconv_r
 .text.__retarget_lock_init_recursive
                0x0000682c        0x4 c:/program files (x86)/atmel/studio/7.0/toolchain/arm/arm-gnu-toolchain/bin/../lib/gcc/arm-none-eabi/6.3.1/../../../../arm-none-eabi/lib/thumb/v6-m\libc.a(lib_a-lock.o)
                0x0000682c                __retarget_lock_init_recursive
 .text.__retarget_lock_close_recursive
                0x00006830        0x4 c:/program files (x86)/atmel/studio/7.0/toolchain/arm/arm-gnu-toolchain/bin/../lib/gcc/arm-none-eabi/6.3.1/../../../../arm-none-eabi/lib/thumb/v6-m\libc.a(lib_a-lock.o)
                0x00006830                __retarget_lock_close_recursive
 .text.__retarget_lock_acquire_recursive
                0x00006834        0x4 c:/program files (x86)/atmel/studio/7.0/toolchain/arm/arm-gnu-toolchain/bin/../lib/gcc/arm-none-eabi/6.3.1/../../../../arm-none-eabi/lib/thumb/v6-m\libc.a(lib_a-lock.o)
                0x00006834                __retarget_lock_acquire_recursive
 .text.__retarget_lock_release_recursive
                0x00006838        0x4 c:/program files (x86)/atmel/studio/7.0/toolchain/arm/arm-gnu-toolchain/bin/../lib/gcc/arm-none-eabi/6.3.1/../../../../arm-none-eabi/lib/thumb/v6-m\libc.a(lib_a-lock.o)
                0x00006838                __retarget_lock_release_recursive
 .text.__swhatbuf_r
                0x0000683c       0x60 c:/program files (x86)/atmel/studio/7.0/toolchain/arm/arm-gnu-toolchain/bin/../lib/gcc/arm-none-eabi/6.3.1/../../../../arm-none-eabi/lib/thumb/v6-m\libc.a(lib_a-makebuf.o)
                0x0000683c                __swhatbuf_r
 .text.__smakebuf_r
                0x0000689c       0x90 c:/program files (x86)/atmel/studio/7.0/toolchain/arm/arm-gnu-toolchain/bin/../lib/gcc/arm-none-eabi/6.3.1/../../../../arm-none-eabi/lib/thumb/v6-m\libc.a(lib_a-makebuf.o)
                0x0000689c                __smakebuf_r
 .text.malloc   0x0000692c       0x14 c:/program files (x86)/atmel/studio/7.0/toolchain/arm/arm-gnu-toolchain/bin/../lib/gcc/arm-none-eabi/6.3.1/../../../../arm-none-eabi/lib/thumb/v6-m\libc.a(lib_a-malloc.o)
                0x0000692c                malloc
 .text._malloc_r
                0x00006940      0x568 c:/program files (x86)/atmel/studio/7.0/toolchain/arm/arm-gnu-toolchain/bin/../lib/gcc/arm-none-eabi/6.3.1/../../../../arm-none-eabi/lib/thumb/v6-m\libc.a(lib_a-mallocr.o)
                0x00006940                _malloc_r
 .text.memchr   0x00006ea8       0x80 c:/program files (x86)/atmel/studio/7.0/toolchain/arm/arm-gnu-toolchain/bin/../lib/gcc/arm-none-eabi/6.3.1/../../../../arm-none-eabi/lib/thumb/v6-m\libc.a(lib_a-memchr-stub.o)
                0x00006ea8                memchr
 .text.memcpy   0x00006f28       0x84 c:/program files (x86)/atmel/studio/7.0/toolchain/arm/arm-gnu-toolchain/bin/../lib/gcc/arm-none-eabi/6.3.1/../../../../arm-none-eabi/lib/thumb/v6-m\libc.a(lib_a-memcpy-stub.o)
                0x00006f28                memcpy
 .text.memmove  0x00006fac       0xa0 c:/program files (x86)/atmel/studio/7.0/toolchain/arm/arm-gnu-toolchain/bin/../lib/gcc/arm-none-eabi/6.3.1/../../../../arm-none-eabi/lib/thumb/v6-m\libc.a(lib_a-memmove.o)
                0x00006fac                memmove
 .text.__malloc_lock
                0x0000704c       0x10 c:/program files (x86)/atmel/studio/7.0/toolchain/arm/arm-gnu-toolchain/bin/../lib/gcc/arm-none-eabi/6.3.1/../../../../arm-none-eabi/lib/thumb/v6-m\libc.a(lib_a-mlock.o)
                0x0000704c                __malloc_lock
 .text.__malloc_unlock
                0x0000705c       0x10 c:/program files (x86)/atmel/studio/7.0/toolchain/arm/arm-gnu-toolchain/bin/../lib/gcc/arm-none-eabi/6.3.1/../../../../arm-none-eabi/lib/thumb/v6-m\libc.a(lib_a-mlock.o)
                0x0000705c                __malloc_unlock
 .text._Balloc  0x0000706c       0x50 c:/program files (x86)/atmel/studio/7.0/toolchain/arm/arm-gnu-toolchain/bin/../lib/gcc/arm-none-eabi/6.3.1/../../../../arm-none-eabi/lib/thumb/v6-m\libc.a(lib_a-mprec.o)
                0x0000706c                _Balloc
 .text._Bfree   0x000070bc       0x14 c:/program files (x86)/atmel/studio/7.0/toolchain/arm/arm-gnu-toolchain/bin/../lib/gcc/arm-none-eabi/6.3.1/../../../../arm-none-eabi/lib/thumb/v6-m\libc.a(lib_a-mprec.o)
                0x000070bc                _Bfree
 .text.__multadd
                0x000070d0       0x8c c:/program files (x86)/atmel/studio/7.0/toolchain/arm/arm-gnu-toolchain/bin/../lib/gcc/arm-none-eabi/6.3.1/../../../../arm-none-eabi/lib/thumb/v6-m\libc.a(lib_a-mprec.o)
                0x000070d0                __multadd
 .text.__hi0bits
                0x0000715c       0x34 c:/program files (x86)/atmel/studio/7.0/toolchain/arm/arm-gnu-toolchain/bin/../lib/gcc/arm-none-eabi/6.3.1/../../../../arm-none-eabi/lib/thumb/v6-m\libc.a(lib_a-mprec.o)
                0x0000715c                __hi0bits
 .text.__lo0bits
                0x00007190       0x5c c:/program files (x86)/atmel/studio/7.0/toolchain/arm/arm-gnu-toolchain/bin/../lib/gcc/arm-none-eabi/6.3.1/../../../../arm-none-eabi/lib/thumb/v6-m\libc.a(lib_a-mprec.o)
                0x00007190                __lo0bits
 .text.__i2b    0x000071ec       0x14 c:/program files (x86)/atmel/studio/7.0/toolchain/arm/arm-gnu-toolchain/bin/../lib/gcc/arm-none-eabi/6.3.1/../../../../arm-none-eabi/lib/thumb/v6-m\libc.a(lib_a-mprec.o)
                0x000071ec                __i2b
 .text.__multiply
                0x00007200      0x154 c:/program files (x86)/atmel/studio/7.0/toolchain/arm/arm-gnu-toolchain/bin/../lib/gcc/arm-none-eabi/6.3.1/../../../../arm-none-eabi/lib/thumb/v6-m\libc.a(lib_a-mprec.o)
                0x00007200                __multiply
 .text.__pow5mult
                0x00007354       0xc0 c:/program files (x86)/atmel/studio/7.0/toolchain/arm/arm-gnu-toolchain/bin/../lib/gcc/arm-none-eabi/6.3.1/../../../../arm-none-eabi/lib/thumb/v6-m\libc.a(lib_a-mprec.o)
                0x00007354                __pow5mult
 .text.__lshift
                0x00007414       0xc0 c:/program files (x86)/atmel/studio/7.0/toolchain/arm/arm-gnu-toolchain/bin/../lib/gcc/arm-none-eabi/6.3.1/../../../../arm-none-eabi/lib/thumb/v6-m\libc.a(lib_a-mprec.o)
                0x00007414                __lshift
 .text.__mcmp   0x000074d4       0x34 c:/program files (x86)/atmel/studio/7.0/toolchain/arm/arm-gnu-toolchain/bin/../lib/gcc/arm-none-eabi/6.3.1/../../../../arm-none-eabi/lib/thumb/v6-m\libc.a(lib_a-mprec.o)
                0x000074d4                __mcmp
 .text.__mdiff  0x00007508      0x138 c:/program files (x86)/atmel/studio/7.0/toolchain/arm/arm-gnu-toolchain/bin/../lib/gcc/arm-none-eabi/6.3.1/../../../../arm-none-eabi/lib/thumb/v6-m\libc.a(lib_a-mprec.o)
                0x00007508                __mdiff
 .text.__d2b    0x00007640       0xbc c:/program files (x86)/atmel/studio/7.0/toolchain/arm/arm-gnu-toolchain/bin/../lib/gcc/arm-none-eabi/6.3.1/../../../../arm-none-eabi/lib/thumb/v6-m\libc.a(lib_a-mprec.o)
                0x00007640                __d2b
 .text._realloc_r
                0x000076fc      0x37c c:/program files (x86)/atmel/studio/7.0/toolchain/arm/arm-gnu-toolchain/bin/../lib/gcc/arm-none-eabi/6.3.1/../../../../arm-none-eabi/lib/thumb/v6-m\libc.a(lib_a-reallocr.o)
                0x000076fc                _realloc_r
 .text._sbrk_r  0x00007a78       0x24 c:/program files (x86)/atmel/studio/7.0/toolchain/arm/arm-gnu-toolchain/bin/../lib/gcc/arm-none-eabi/6.3.1/../../../../arm-none-eabi/lib/thumb/v6-m\libc.a(lib_a-sbrkr.o)
                0x00007a78                _sbrk_r
 .text.__sread  0x00007a9c       0x28 c:/program files (x86)/atmel/studio/7.0/toolchain/arm/arm-gnu-toolchain/bin/../lib/gcc/arm-none-eabi/6.3.1/../../../../arm-none-eabi/lib/thumb/v6-m\libc.a(lib_a-stdio.o)
                0x00007a9c                __sread
 .text.__swrite
                0x00007ac4       0x3c c:/program files (x86)/atmel/studio/7.0/toolchain/arm/arm-gnu-toolchain/bin/../lib/gcc/arm-none-eabi/6.3.1/../../../../arm-none-eabi/lib/thumb/v6-m\libc.a(lib_a-stdio.o)
                0x00007ac4                __swrite
 .text.__sseek  0x00007b00       0x2c c:/program files (x86)/atmel/studio/7.0/toolchain/arm/arm-gnu-toolchain/bin/../lib/gcc/arm-none-eabi/6.3.1/../../../../arm-none-eabi/lib/thumb/v6-m\libc.a(lib_a-stdio.o)
                0x00007b00                __sseek
 .text.__sclose
                0x00007b2c        0xc c:/program files (x86)/atmel/studio/7.0/toolchain/arm/arm-gnu-toolchain/bin/../lib/gcc/arm-none-eabi/6.3.1/../../../../arm-none-eabi/lib/thumb/v6-m\libc.a(lib_a-stdio.o)
                0x00007b2c                __sclose
 .text.__sprint_r.part.0
                0x00007b38       0x84 c:/program files (x86)/atmel/studio/7.0/toolchain/arm/arm-gnu-toolchain/bin/../lib/gcc/arm-none-eabi/6.3.1/../../../../arm-none-eabi/lib/thumb/v6-m\libc.a(lib_a-vfiprintf.o)
 .text.__sprint_r
                0x00007bbc       0x14 c:/program files (x86)/atmel/studio/7.0/toolchain/arm/arm-gnu-toolchain/bin/../lib/gcc/arm-none-eabi/6.3.1/../../../../arm-none-eabi/lib/thumb/v6-m\libc.a(lib_a-vfiprintf.o)
                0x00007bbc                __sprint_r
 .text._write_r
                0x00007bd0       0x28 c:/program files (x86)/atmel/studio/7.0/toolchain/arm/arm-gnu-toolchain/bin/../lib/gcc/arm-none-eabi/6.3.1/../../../../arm-none-eabi/lib/thumb/v6-m\libc.a(lib_a-writer.o)
                0x00007bd0                _write_r
 .text.__register_exitproc
                0x00007bf8       0xf4 c:/program files (x86)/atmel/studio/7.0/toolchain/arm/arm-gnu-toolchain/bin/../lib/gcc/arm-none-eabi/6.3.1/../../../../arm-none-eabi/lib/thumb/v6-m\libc.a(lib_a-__atexit.o)
                0x00007bf8                __register_exitproc
 .text._calloc_r
                0x00007cec       0x58 c:/program files (x86)/atmel/studio/7.0/toolchain/arm/arm-gnu-toolchain/bin/../lib/gcc/arm-none-eabi/6.3.1/../../../../arm-none-eabi/lib/thumb/v6-m\libc.a(lib_a-callocr.o)
                0x00007cec                _calloc_r
 .text._close_r
                0x00007d44       0x24 c:/program files (x86)/atmel/studio/7.0/toolchain/arm/arm-gnu-toolchain/bin/../lib/gcc/arm-none-eabi/6.3.1/../../../../arm-none-eabi/lib/thumb/v6-m\libc.a(lib_a-closer.o)
                0x00007d44                _close_r
 .text._fclose_r
                0x00007d68       0xcc c:/program files (x86)/atmel/studio/7.0/toolchain/arm/arm-gnu-toolchain/bin/../lib/gcc/arm-none-eabi/6.3.1/../../../../arm-none-eabi/lib/thumb/v6-m\libc.a(lib_a-fclose.o)
                0x00007d68                _fclose_r
 .text.__fputwc
                0x00007e34       0x98 c:/program files (x86)/atmel/studio/7.0/toolchain/arm/arm-gnu-toolchain/bin/../lib/gcc/arm-none-eabi/6.3.1/../../../../arm-none-eabi/lib/thumb/v6-m\libc.a(lib_a-fputwc.o)
                0x00007e34                __fputwc
 .text._fputwc_r
                0x00007ecc       0x5c c:/program files (x86)/atmel/studio/7.0/toolchain/arm/arm-gnu-toolchain/bin/../lib/gcc/arm-none-eabi/6.3.1/../../../../arm-none-eabi/lib/thumb/v6-m\libc.a(lib_a-fputwc.o)
                0x00007ecc                _fputwc_r
 .text._fstat_r
                0x00007f28       0x28 c:/program files (x86)/atmel/studio/7.0/toolchain/arm/arm-gnu-toolchain/bin/../lib/gcc/arm-none-eabi/6.3.1/../../../../arm-none-eabi/lib/thumb/v6-m\libc.a(lib_a-fstatr.o)
                0x00007f28                _fstat_r
 .text._isatty_r
                0x00007f50       0x24 c:/program files (x86)/atmel/studio/7.0/toolchain/arm/arm-gnu-toolchain/bin/../lib/gcc/arm-none-eabi/6.3.1/../../../../arm-none-eabi/lib/thumb/v6-m\libc.a(lib_a-isattyr.o)
                0x00007f50                _isatty_r
 .text.__locale_mb_cur_max
                0x00007f74       0x20 c:/program files (x86)/atmel/studio/7.0/toolchain/arm/arm-gnu-toolchain/bin/../lib/gcc/arm-none-eabi/6.3.1/../../../../arm-none-eabi/lib/thumb/v6-m\libc.a(lib_a-locale.o)
                0x00007f74                __locale_mb_cur_max
 .text._lseek_r
                0x00007f94       0x28 c:/program files (x86)/atmel/studio/7.0/toolchain/arm/arm-gnu-toolchain/bin/../lib/gcc/arm-none-eabi/6.3.1/../../../../arm-none-eabi/lib/thumb/v6-m\libc.a(lib_a-lseekr.o)
                0x00007f94                _lseek_r
 .text.__ascii_mbtowc
                0x00007fbc       0x2c c:/program files (x86)/atmel/studio/7.0/toolchain/arm/arm-gnu-toolchain/bin/../lib/gcc/arm-none-eabi/6.3.1/../../../../arm-none-eabi/lib/thumb/v6-m\libc.a(lib_a-mbtowc_r.o)
                0x00007fbc                __ascii_mbtowc
 .text._read_r  0x00007fe8       0x28 c:/program files (x86)/atmel/studio/7.0/toolchain/arm/arm-gnu-toolchain/bin/../lib/gcc/arm-none-eabi/6.3.1/../../../../arm-none-eabi/lib/thumb/v6-m\libc.a(lib_a-readr.o)
                0x00007fe8                _read_r
 .text.__swbuf_r
                0x00008010       0xbc c:/program files (x86)/atmel/studio/7.0/toolchain/arm/arm-gnu-toolchain/bin/../lib/gcc/arm-none-eabi/6.3.1/../../../../arm-none-eabi/lib/thumb/v6-m\libc.a(lib_a-wbuf.o)
                0x00008010                __swbuf_r
 .text._wcrtomb_r
                0x000080cc       0x54 c:/program files (x86)/atmel/studio/7.0/toolchain/arm/arm-gnu-toolchain/bin/../lib/gcc/arm-none-eabi/6.3.1/../../../../arm-none-eabi/lib/thumb/v6-m\libc.a(lib_a-wcrtomb.o)
                0x000080cc                _wcrtomb_r
 .text.__ascii_wctomb
                0x00008120       0x1c c:/program files (x86)/atmel/studio/7.0/toolchain/arm/arm-gnu-toolchain/bin/../lib/gcc/arm-none-eabi/6.3.1/../../../../arm-none-eabi/lib/thumb/v6-m\libc.a(lib_a-wctomb_r.o)
                0x00008120                __ascii_wctomb
 .text          0x0000813c      0x620 c:/program files (x86)/atmel/studio/7.0/toolchain/arm/arm-gnu-toolchain/bin/../lib/gcc/arm-none-eabi/6.3.1/thumb/v6-m\libgcc.a(adddf3.o)
                0x0000813c                __aeabi_dadd
 .text          0x0000875c       0x40 c:/program files (x86)/atmel/studio/7.0/toolchain/arm/arm-gnu-toolchain/bin/../lib/gcc/arm-none-eabi/6.3.1/thumb/v6-m\libgcc.a(unorddf2.o)
                0x0000875c                __aeabi_dcmpun
 *(.glue_7t)
 .glue_7t       0x0000879c        0x0 linker stubs
 *(.glue_7)
 .glue_7        0x0000879c        0x0 linker stubs
 *(.rodata .rodata* .gnu.linkonce.r.*)
 .rodata        0x0000879c       0x2c ADXL345/ADXL34x.o
 .rodata.str1.4
                0x000087c8       0x1c hal/src/hal_i2c_m_sync.o
 .rodata.str1.4
                0x000087e4       0x14 hal/src/hal_io.o
 .rodata.str1.4
                0x000087f8       0x1c hal/src/hal_usart_sync.o
 .rodata        0x00008814       0x18 hpl/sercom/hpl_sercom.o
 .rodata.str1.4
                0x0000882c       0x1b hpl/sercom/hpl_sercom.o
 *fill*         0x00008847        0x1 
 .rodata.str1.4
                0x00008848       0xfa led_flasher_main.o
 *fill*         0x00008942        0x2 
 .rodata        0x00008944       0x40 c:/program files (x86)/atmel/studio/7.0/toolchain/arm/arm-gnu-toolchain/bin/../lib/gcc/arm-none-eabi/6.3.1/thumb/v6-m\libgcc.a(divdf3.o)
 .rodata        0x00008984       0x40 c:/program files (x86)/atmel/studio/7.0/toolchain/arm/arm-gnu-toolchain/bin/../lib/gcc/arm-none-eabi/6.3.1/thumb/v6-m\libgcc.a(muldf3.o)
 .rodata._global_impure_ptr
                0x000089c4        0x4 c:/program files (x86)/atmel/studio/7.0/toolchain/arm/arm-gnu-toolchain/bin/../lib/gcc/arm-none-eabi/6.3.1/../../../../arm-none-eabi/lib/thumb/v6-m\libc.a(lib_a-impure.o)
                0x000089c4                _global_impure_ptr
 .rodata._puts_r.str1.4
                0x000089c8       0xfa c:/program files (x86)/atmel/studio/7.0/toolchain/arm/arm-gnu-toolchain/bin/../lib/gcc/arm-none-eabi/6.3.1/../../../../arm-none-eabi/lib/thumb/v6-m\libc.a(lib_a-puts.o)
                                  0x2 (size before relaxing)
 .rodata._vfprintf_r
                0x000089c8      0x164 c:/program files (x86)/atmel/studio/7.0/toolchain/arm/arm-gnu-toolchain/bin/../lib/gcc/arm-none-eabi/6.3.1/../../../../arm-none-eabi/lib/thumb/v6-m\libc.a(lib_a-vfprintf.o)
 .rodata._vfprintf_r.str1.4
                0x00008b2c       0x42 c:/program files (x86)/atmel/studio/7.0/toolchain/arm/arm-gnu-toolchain/bin/../lib/gcc/arm-none-eabi/6.3.1/../../../../arm-none-eabi/lib/thumb/v6-m\libc.a(lib_a-vfprintf.o)
 *fill*         0x00008b6e        0x2 
 .rodata.blanks.7238
                0x00008b70       0x10 c:/program files (x86)/atmel/studio/7.0/toolchain/arm/arm-gnu-toolchain/bin/../lib/gcc/arm-none-eabi/6.3.1/../../../../arm-none-eabi/lib/thumb/v6-m\libc.a(lib_a-vfprintf.o)
 .rodata.zeroes.7239
                0x00008b80       0x10 c:/program files (x86)/atmel/studio/7.0/toolchain/arm/arm-gnu-toolchain/bin/../lib/gcc/arm-none-eabi/6.3.1/../../../../arm-none-eabi/lib/thumb/v6-m\libc.a(lib_a-vfprintf.o)
 .rodata._dtoa_r.str1.4
                0x00008b90       0x10 c:/program files (x86)/atmel/studio/7.0/toolchain/arm/arm-gnu-toolchain/bin/../lib/gcc/arm-none-eabi/6.3.1/../../../../arm-none-eabi/lib/thumb/v6-m\libc.a(lib_a-dtoa.o)
                                 0x12 (size before relaxing)
 .rodata.__mprec_bigtens
                0x00008ba0       0x28 c:/program files (x86)/atmel/studio/7.0/toolchain/arm/arm-gnu-toolchain/bin/../lib/gcc/arm-none-eabi/6.3.1/../../../../arm-none-eabi/lib/thumb/v6-m\libc.a(lib_a-mprec.o)
                0x00008ba0                __mprec_bigtens
 .rodata.__mprec_tens
                0x00008bc8       0xc8 c:/program files (x86)/atmel/studio/7.0/toolchain/arm/arm-gnu-toolchain/bin/../lib/gcc/arm-none-eabi/6.3.1/../../../../arm-none-eabi/lib/thumb/v6-m\libc.a(lib_a-mprec.o)
                0x00008bc8                __mprec_tens
 .rodata.p05.6055
                0x00008c90        0xc c:/program files (x86)/atmel/studio/7.0/toolchain/arm/arm-gnu-toolchain/bin/../lib/gcc/arm-none-eabi/6.3.1/../../../../arm-none-eabi/lib/thumb/v6-m\libc.a(lib_a-mprec.o)
 .rodata._setlocale_r.str1.4
                0x00008c9c        0xa c:/program files (x86)/atmel/studio/7.0/toolchain/arm/arm-gnu-toolchain/bin/../lib/gcc/arm-none-eabi/6.3.1/../../../../arm-none-eabi/lib/thumb/v6-m\libc.a(lib_a-locale.o)
                                  0xd (size before relaxing)
 *fill*         0x00008ca6        0x2 
 .rodata.str1.4
                0x00008ca8        0x4 c:/program files (x86)/atmel/studio/7.0/toolchain/arm/arm-gnu-toolchain/bin/../lib/gcc/arm-none-eabi/6.3.1/../../../../arm-none-eabi/lib/thumb/v6-m\libc.a(lib_a-locale.o)
                                  0x2 (size before relaxing)
 .rodata._ctype_
                0x00008cac      0x101 c:/program files (x86)/atmel/studio/7.0/toolchain/arm/arm-gnu-toolchain/bin/../lib/gcc/arm-none-eabi/6.3.1/../../../../arm-none-eabi/lib/thumb/v6-m\libc.a(lib_a-ctype_.o)
                0x00008cac                _ctype_
 *(.ARM.extab* .gnu.linkonce.armextab.*)
                0x00008db0                . = ALIGN (0x4)
 *fill*         0x00008dad        0x3 
 *(.init)
 .init          0x00008db0        0x4 c:/program files (x86)/atmel/studio/7.0/toolchain/arm/arm-gnu-toolchain/bin/../lib/gcc/arm-none-eabi/6.3.1/thumb/v6-m/crti.o
                0x00008db0                _init
 .init          0x00008db4        0x8 c:/program files (x86)/atmel/studio/7.0/toolchain/arm/arm-gnu-toolchain/bin/../lib/gcc/arm-none-eabi/6.3.1/thumb/v6-m/crtn.o
                0x00008dbc                . = ALIGN (0x4)
                0x00008dbc                __preinit_array_start = .
 *(.preinit_array)
                0x00008dbc                __preinit_array_end = .
                0x00008dbc                . = ALIGN (0x4)
                0x00008dbc                __init_array_start = .
 *(SORT(.init_array.*))
 .init_array.00000
                0x00008dbc        0x4 c:/program files (x86)/atmel/studio/7.0/toolchain/arm/arm-gnu-toolchain/bin/../lib/gcc/arm-none-eabi/6.3.1/../../../../arm-none-eabi/lib/thumb/v6-m\libc.a(lib_a-__call_atexit.o)
 *(.init_array)
 .init_array    0x00008dc0        0x4 c:/program files (x86)/atmel/studio/7.0/toolchain/arm/arm-gnu-toolchain/bin/../lib/gcc/arm-none-eabi/6.3.1/thumb/v6-m/crtbegin.o
                0x00008dc4                __init_array_end = .
                0x00008dc4                . = ALIGN (0x4)
 *crtbegin.o(.ctors)
 *(EXCLUDE_FILE(*crtend.o) .ctors)
 *(SORT(.ctors.*))
 *crtend.o(.ctors)
                0x00008dc4                . = ALIGN (0x4)
 *(.fini)
 .fini          0x00008dc4        0x4 c:/program files (x86)/atmel/studio/7.0/toolchain/arm/arm-gnu-toolchain/bin/../lib/gcc/arm-none-eabi/6.3.1/thumb/v6-m/crti.o
                0x00008dc4                _fini
 .fini          0x00008dc8        0x8 c:/program files (x86)/atmel/studio/7.0/toolchain/arm/arm-gnu-toolchain/bin/../lib/gcc/arm-none-eabi/6.3.1/thumb/v6-m/crtn.o
                0x00008dd0                . = ALIGN (0x4)
                0x00008dd0                __fini_array_start = .
 *(.fini_array)
 .fini_array    0x00008dd0        0x4 c:/program files (x86)/atmel/studio/7.0/toolchain/arm/arm-gnu-toolchain/bin/../lib/gcc/arm-none-eabi/6.3.1/thumb/v6-m/crtbegin.o
 *(SORT(.fini_array.*))
                0x00008dd4                __fini_array_end = .
 *crtbegin.o(.dtors)
 *(EXCLUDE_FILE(*crtend.o) .dtors)
 *(SORT(.dtors.*))
 *crtend.o(.dtors)
                0x00008dd4                . = ALIGN (0x4)
                0x00008dd4                _efixed = .
                [!provide]                PROVIDE (__exidx_start, .)

.vfp11_veneer   0x00008dd4        0x0
 .vfp11_veneer  0x00008dd4        0x0 linker stubs

.v4_bx          0x00008dd4        0x0
 .v4_bx         0x00008dd4        0x0 linker stubs

.iplt           0x00008dd4        0x0
 .iplt          0x00008dd4        0x0 c:/program files (x86)/atmel/studio/7.0/toolchain/arm/arm-gnu-toolchain/bin/../lib/gcc/arm-none-eabi/6.3.1/thumb/v6-m/crtbegin.o

.ARM.exidx      0x00008dd4        0x8
 *(.ARM.exidx* .gnu.linkonce.armexidx.*)
 .ARM.exidx     0x00008dd4        0x8 c:/program files (x86)/atmel/studio/7.0/toolchain/arm/arm-gnu-toolchain/bin/../lib/gcc/arm-none-eabi/6.3.1/thumb/v6-m\libgcc.a(_udivmoddi4.o)
                [!provide]                PROVIDE (__exidx_end, .)

.eh_frame       0x00008ddc        0x0
 .eh_frame      0x00008ddc        0x0 c:/program files (x86)/atmel/studio/7.0/toolchain/arm/arm-gnu-toolchain/bin/../lib/gcc/arm-none-eabi/6.3.1/thumb/v6-m/crtbegin.o

.rel.dyn        0x00008ddc        0x0
 .rel.iplt      0x00008ddc        0x0 c:/program files (x86)/atmel/studio/7.0/toolchain/arm/arm-gnu-toolchain/bin/../lib/gcc/arm-none-eabi/6.3.1/thumb/v6-m/crtbegin.o

.jcr            0x00008ddc        0x0
 .jcr           0x00008ddc        0x0 c:/program files (x86)/atmel/studio/7.0/toolchain/arm/arm-gnu-toolchain/bin/../lib/gcc/arm-none-eabi/6.3.1/thumb/v6-m/crtbegin.o

.igot.plt       0x00008ddc        0x0
 .igot.plt      0x00008ddc        0x0 c:/program files (x86)/atmel/studio/7.0/toolchain/arm/arm-gnu-toolchain/bin/../lib/gcc/arm-none-eabi/6.3.1/thumb/v6-m/crtbegin.o
                0x00008ddc                . = ALIGN (0x4)
                0x00008ddc                _etext = .

.relocate       0x20000000      0x9b0 load address 0x00008ddc
                0x20000000                . = ALIGN (0x4)
                0x20000000                _srelocate = .
 *(.ramfunc .ramfunc.*)
 *(.data .data.*)
 .data._impure_ptr
                0x20000000        0x4 c:/program files (x86)/atmel/studio/7.0/toolchain/arm/arm-gnu-toolchain/bin/../lib/gcc/arm-none-eabi/6.3.1/../../../../arm-none-eabi/lib/thumb/v6-m\libc.a(lib_a-impure.o)
                0x20000000                _impure_ptr
 *fill*         0x20000004        0x4 
 .data.impure_data
                0x20000008      0x428 c:/program files (x86)/atmel/studio/7.0/toolchain/arm/arm-gnu-toolchain/bin/../lib/gcc/arm-none-eabi/6.3.1/../../../../arm-none-eabi/lib/thumb/v6-m\libc.a(lib_a-impure.o)
 .data.__atexit_recursive_mutex
                0x20000430        0x4 c:/program files (x86)/atmel/studio/7.0/toolchain/arm/arm-gnu-toolchain/bin/../lib/gcc/arm-none-eabi/6.3.1/../../../../arm-none-eabi/lib/thumb/v6-m\libc.a(lib_a-__call_atexit.o)
                0x20000430                __atexit_recursive_mutex
 .data.__malloc_av_
                0x20000434      0x408 c:/program files (x86)/atmel/studio/7.0/toolchain/arm/arm-gnu-toolchain/bin/../lib/gcc/arm-none-eabi/6.3.1/../../../../arm-none-eabi/lib/thumb/v6-m\libc.a(lib_a-mallocr.o)
                0x20000434                __malloc_av_
 .data.__malloc_sbrk_base
                0x2000083c        0x4 c:/program files (x86)/atmel/studio/7.0/toolchain/arm/arm-gnu-toolchain/bin/../lib/gcc/arm-none-eabi/6.3.1/../../../../arm-none-eabi/lib/thumb/v6-m\libc.a(lib_a-mallocr.o)
                0x2000083c                __malloc_sbrk_base
 .data.__malloc_trim_threshold
                0x20000840        0x4 c:/program files (x86)/atmel/studio/7.0/toolchain/arm/arm-gnu-toolchain/bin/../lib/gcc/arm-none-eabi/6.3.1/../../../../arm-none-eabi/lib/thumb/v6-m\libc.a(lib_a-mallocr.o)
                0x20000840                __malloc_trim_threshold
 .data.__global_locale
                0x20000844      0x16c c:/program files (x86)/atmel/studio/7.0/toolchain/arm/arm-gnu-toolchain/bin/../lib/gcc/arm-none-eabi/6.3.1/../../../../arm-none-eabi/lib/thumb/v6-m\libc.a(lib_a-locale.o)
                0x20000844                __global_locale
                0x200009b0                . = ALIGN (0x4)
                0x200009b0                _erelocate = .

.bss            0x200009b0       0xe4 load address 0x0000978c
                0x200009b0                . = ALIGN (0x4)
                0x200009b0                _sbss = .
                0x200009b0                _szero = .
 *(.bss .bss.*)
 .bss           0x200009b0       0x1c c:/program files (x86)/atmel/studio/7.0/toolchain/arm/arm-gnu-toolchain/bin/../lib/gcc/arm-none-eabi/6.3.1/thumb/v6-m/crtbegin.o
 .bss           0x200009cc        0x6 ADXL345/ADXL34x_I2C.o
 *fill*         0x200009d2        0x2 
 .bss           0x200009d4        0x4 hal/src/hal_delay.o
 .bss           0x200009d8        0x4 hal/utils/src/utils_syscalls.o
 .bss           0x200009dc        0x4 stdio_redirect/stdio_io.o
 .bss.__malloc_current_mallinfo
                0x200009e0       0x28 c:/program files (x86)/atmel/studio/7.0/toolchain/arm/arm-gnu-toolchain/bin/../lib/gcc/arm-none-eabi/6.3.1/../../../../arm-none-eabi/lib/thumb/v6-m\libc.a(lib_a-mallocr.o)
                0x200009e0                __malloc_current_mallinfo
 .bss.__malloc_max_sbrked_mem
                0x20000a08        0x4 c:/program files (x86)/atmel/studio/7.0/toolchain/arm/arm-gnu-toolchain/bin/../lib/gcc/arm-none-eabi/6.3.1/../../../../arm-none-eabi/lib/thumb/v6-m\libc.a(lib_a-mallocr.o)
                0x20000a08                __malloc_max_sbrked_mem
 .bss.__malloc_max_total_mem
                0x20000a0c        0x4 c:/program files (x86)/atmel/studio/7.0/toolchain/arm/arm-gnu-toolchain/bin/../lib/gcc/arm-none-eabi/6.3.1/../../../../arm-none-eabi/lib/thumb/v6-m\libc.a(lib_a-mallocr.o)
                0x20000a0c                __malloc_max_total_mem
 .bss.__malloc_top_pad
                0x20000a10        0x4 c:/program files (x86)/atmel/studio/7.0/toolchain/arm/arm-gnu-toolchain/bin/../lib/gcc/arm-none-eabi/6.3.1/../../../../arm-none-eabi/lib/thumb/v6-m\libc.a(lib_a-mallocr.o)
                0x20000a10                __malloc_top_pad
 *(COMMON)
 COMMON         0x20000a14        0xc ADXL345/ADXL34x_I2C.o
                0x20000a14                i2c_msg
 COMMON         0x20000a20       0x2c driver_init.o
                0x20000a20                TARGET_IO
                0x20000a2c                I2C_ADXL345
 COMMON         0x20000a4c       0x20 led_flasher_main.o
                0x20000a4c                adxl345
 COMMON         0x20000a6c       0x21 c:/program files (x86)/atmel/studio/7.0/toolchain/arm/arm-gnu-toolchain/bin/../lib/gcc/arm-none-eabi/6.3.1/../../../../arm-none-eabi/lib/thumb/v6-m\libc.a(lib_a-lock.o)
                0x20000a6c                __lock___atexit_recursive_mutex
                0x20000a70                __lock___arc4random_mutex
                0x20000a74                __lock___env_recursive_mutex
                0x20000a78                __lock___sinit_recursive_mutex
                0x20000a7c                __lock___malloc_recursive_mutex
                0x20000a80                __lock___at_quick_exit_mutex
                0x20000a84                __lock___dd_hash_mutex
                0x20000a88                __lock___tz_mutex
                0x20000a8c                __lock___sfp_recursive_mutex
 *fill*         0x20000a8d        0x3 
 COMMON         0x20000a90        0x4 c:/program files (x86)/atmel/studio/7.0/toolchain/arm/arm-gnu-toolchain/bin/../lib/gcc/arm-none-eabi/6.3.1/../../../../arm-none-eabi/lib/thumb/v6-m\libc.a(lib_a-reent.o)
                0x20000a90                errno
                0x20000a94                . = ALIGN (0x4)
                0x20000a94                _ebss = .
                0x20000a94                _ezero = .

.stack          0x20000a94     0x2004 load address 0x00009870
                0x20000a98                . = ALIGN (0x8)
 *fill*         0x20000a94        0x4 
                0x20000a98                _sstack = .
                0x20002a98                . = (. + STACK_SIZE)
 *fill*         0x20000a98     0x2000 
                0x20002a98                . = ALIGN (0x8)
                0x20002a98                _estack = .
                0x20002a98                . = ALIGN (0x4)
                0x20002a98                _end = .
OUTPUT(ADXL345_I2C_example.elf elf32-littlearm)

.ARM.attributes
                0x00000000       0x28
 .ARM.attributes
                0x00000000       0x1e c:/program files (x86)/atmel/studio/7.0/toolchain/arm/arm-gnu-toolchain/bin/../lib/gcc/arm-none-eabi/6.3.1/thumb/v6-m/crti.o
 .ARM.attributes
                0x0000001e       0x2c c:/program files (x86)/atmel/studio/7.0/toolchain/arm/arm-gnu-toolchain/bin/../lib/gcc/arm-none-eabi/6.3.1/thumb/v6-m/crtbegin.o
 .ARM.attributes
                0x0000004a       0x2e ADXL345/ADXL34x.o
 .ARM.attributes
                0x00000078       0x2e ADXL345/ADXL34x_I2C.o
 .ARM.attributes
                0x000000a6       0x2e atmel_start.o
 .ARM.attributes
                0x000000d4       0x2e Device_Startup/startup_samd21.o
 .ARM.attributes
                0x00000102       0x2e driver_init.o
 .ARM.attributes
                0x00000130       0x2e hal/src/hal_delay.o
 .ARM.attributes
                0x0000015e       0x2e hal/src/hal_i2c_m_sync.o
 .ARM.attributes
                0x0000018c       0x2e hal/src/hal_io.o
 .ARM.attributes
                0x000001ba       0x2e hal/src/hal_usart_sync.o
 .ARM.attributes
                0x000001e8       0x2e hal/utils/src/utils_assert.o
 .ARM.attributes
                0x00000216       0x2e hal/utils/src/utils_syscalls.o
 .ARM.attributes
                0x00000244       0x2e hpl/core/hpl_core_m0plus_base.o
 .ARM.attributes
                0x00000272       0x2e hpl/core/hpl_init.o
 .ARM.attributes
                0x000002a0       0x2e hpl/gclk/hpl_gclk.o
 .ARM.attributes
                0x000002ce       0x2e hpl/pm/hpl_pm.o
 .ARM.attributes
                0x000002fc       0x2e hpl/sercom/hpl_sercom.o
 .ARM.attributes
                0x0000032a       0x2e hpl/sysctrl/hpl_sysctrl.o
 .ARM.attributes
                0x00000358       0x2e hpl/systick/hpl_systick.o
 .ARM.attributes
                0x00000386       0x2e led_flasher_main.o
 .ARM.attributes
                0x000003b4       0x2e stdio_redirect/gcc/read.o
 .ARM.attributes
                0x000003e2       0x2e stdio_redirect/gcc/write.o
 .ARM.attributes
                0x00000410       0x2e stdio_redirect/stdio_io.o
 .ARM.attributes
                0x0000043e       0x2e stdio_start.o
 .ARM.attributes
                0x0000046c       0x1e c:/program files (x86)/atmel/studio/7.0/toolchain/arm/arm-gnu-toolchain/bin/../lib/gcc/arm-none-eabi/6.3.1/thumb/v6-m\libgcc.a(_udivsi3.o)
 .ARM.attributes
                0x0000048a       0x1e c:/program files (x86)/atmel/studio/7.0/toolchain/arm/arm-gnu-toolchain/bin/../lib/gcc/arm-none-eabi/6.3.1/thumb/v6-m\libgcc.a(_divsi3.o)
 .ARM.attributes
                0x000004a8       0x1e c:/program files (x86)/atmel/studio/7.0/toolchain/arm/arm-gnu-toolchain/bin/../lib/gcc/arm-none-eabi/6.3.1/thumb/v6-m\libgcc.a(_dvmd_tls.o)
 .ARM.attributes
                0x000004c6       0x1e c:/program files (x86)/atmel/studio/7.0/toolchain/arm/arm-gnu-toolchain/bin/../lib/gcc/arm-none-eabi/6.3.1/thumb/v6-m\libgcc.a(_aeabi_uldivmod.o)
 .ARM.attributes
                0x000004e4       0x2c c:/program files (x86)/atmel/studio/7.0/toolchain/arm/arm-gnu-toolchain/bin/../lib/gcc/arm-none-eabi/6.3.1/thumb/v6-m\libgcc.a(_udivmoddi4.o)
 .ARM.attributes
                0x00000510       0x2c c:/program files (x86)/atmel/studio/7.0/toolchain/arm/arm-gnu-toolchain/bin/../lib/gcc/arm-none-eabi/6.3.1/thumb/v6-m\libgcc.a(divdf3.o)
 .ARM.attributes
                0x0000053c       0x2c c:/program files (x86)/atmel/studio/7.0/toolchain/arm/arm-gnu-toolchain/bin/../lib/gcc/arm-none-eabi/6.3.1/thumb/v6-m\libgcc.a(muldf3.o)
 .ARM.attributes
                0x00000568       0x2c c:/program files (x86)/atmel/studio/7.0/toolchain/arm/arm-gnu-toolchain/bin/../lib/gcc/arm-none-eabi/6.3.1/thumb/v6-m\libgcc.a(subdf3.o)
 .ARM.attributes
                0x00000594       0x2c c:/program files (x86)/atmel/studio/7.0/toolchain/arm/arm-gnu-toolchain/bin/../lib/gcc/arm-none-eabi/6.3.1/thumb/v6-m\libgcc.a(fixdfsi.o)
 .ARM.attributes
                0x000005c0       0x2c c:/program files (x86)/atmel/studio/7.0/toolchain/arm/arm-gnu-toolchain/bin/../lib/gcc/arm-none-eabi/6.3.1/thumb/v6-m\libgcc.a(floatsidf.o)
 .ARM.attributes
                0x000005ec       0x2c c:/program files (x86)/atmel/studio/7.0/toolchain/arm/arm-gnu-toolchain/bin/../lib/gcc/arm-none-eabi/6.3.1/thumb/v6-m\libgcc.a(floatunsidf.o)
 .ARM.attributes
                0x00000618       0x2c c:/program files (x86)/atmel/studio/7.0/toolchain/arm/arm-gnu-toolchain/bin/../lib/gcc/arm-none-eabi/6.3.1/thumb/v6-m\libgcc.a(extendsfdf2.o)
 .ARM.attributes
                0x00000644       0x2c c:/program files (x86)/atmel/studio/7.0/toolchain/arm/arm-gnu-toolchain/bin/../lib/gcc/arm-none-eabi/6.3.1/thumb/v6-m\libgcc.a(truncdfsf2.o)
 .ARM.attributes
                0x00000670       0x1e c:/program files (x86)/atmel/studio/7.0/toolchain/arm/arm-gnu-toolchain/bin/../lib/gcc/arm-none-eabi/6.3.1/thumb/v6-m\libgcc.a(_arm_cmpdf2.o)
 .ARM.attributes
                0x0000068e       0x1e c:/program files (x86)/atmel/studio/7.0/toolchain/arm/arm-gnu-toolchain/bin/../lib/gcc/arm-none-eabi/6.3.1/thumb/v6-m\libgcc.a(_clzsi2.o)
 .ARM.attributes
                0x000006ac       0x1e c:/program files (x86)/atmel/studio/7.0/toolchain/arm/arm-gnu-toolchain/bin/../lib/gcc/arm-none-eabi/6.3.1/thumb/v6-m\libgcc.a(_clzdi2.o)
 .ARM.attributes
                0x000006ca       0x2c c:/program files (x86)/atmel/studio/7.0/toolchain/arm/arm-gnu-toolchain/bin/../lib/gcc/arm-none-eabi/6.3.1/thumb/v6-m\libgcc.a(eqdf2.o)
 .ARM.attributes
                0x000006f6       0x2c c:/program files (x86)/atmel/studio/7.0/toolchain/arm/arm-gnu-toolchain/bin/../lib/gcc/arm-none-eabi/6.3.1/thumb/v6-m\libgcc.a(gedf2.o)
 .ARM.attributes
                0x00000722       0x2c c:/program files (x86)/atmel/studio/7.0/toolchain/arm/arm-gnu-toolchain/bin/../lib/gcc/arm-none-eabi/6.3.1/thumb/v6-m\libgcc.a(ledf2.o)
 .ARM.attributes
                0x0000074e       0x2c c:/program files (x86)/atmel/studio/7.0/toolchain/arm/arm-gnu-toolchain/bin/../lib/gcc/arm-none-eabi/6.3.1/../../../../arm-none-eabi/lib/thumb/v6-m\libc.a(lib_a-impure.o)
 .ARM.attributes
                0x0000077a       0x2c c:/program files (x86)/atmel/studio/7.0/toolchain/arm/arm-gnu-toolchain/bin/../lib/gcc/arm-none-eabi/6.3.1/../../../../arm-none-eabi/lib/thumb/v6-m\libc.a(lib_a-init.o)
 .ARM.attributes
                0x000007a6       0x2c c:/program files (x86)/atmel/studio/7.0/toolchain/arm/arm-gnu-toolchain/bin/../lib/gcc/arm-none-eabi/6.3.1/../../../../arm-none-eabi/lib/thumb/v6-m\libc.a(lib_a-memset.o)
 .ARM.attributes
                0x000007d2       0x2c c:/program files (x86)/atmel/studio/7.0/toolchain/arm/arm-gnu-toolchain/bin/../lib/gcc/arm-none-eabi/6.3.1/../../../../arm-none-eabi/lib/thumb/v6-m\libc.a(lib_a-printf.o)
 .ARM.attributes
                0x000007fe       0x2c c:/program files (x86)/atmel/studio/7.0/toolchain/arm/arm-gnu-toolchain/bin/../lib/gcc/arm-none-eabi/6.3.1/../../../../arm-none-eabi/lib/thumb/v6-m\libc.a(lib_a-puts.o)
 .ARM.attributes
                0x0000082a       0x2c c:/program files (x86)/atmel/studio/7.0/toolchain/arm/arm-gnu-toolchain/bin/../lib/gcc/arm-none-eabi/6.3.1/../../../../arm-none-eabi/lib/thumb/v6-m\libc.a(lib_a-setbuf.o)
 .ARM.attributes
                0x00000856       0x2c c:/program files (x86)/atmel/studio/7.0/toolchain/arm/arm-gnu-toolchain/bin/../lib/gcc/arm-none-eabi/6.3.1/../../../../arm-none-eabi/lib/thumb/v6-m\libc.a(lib_a-setvbuf.o)
 .ARM.attributes
                0x00000882       0x2c c:/program files (x86)/atmel/studio/7.0/toolchain/arm/arm-gnu-toolchain/bin/../lib/gcc/arm-none-eabi/6.3.1/../../../../arm-none-eabi/lib/thumb/v6-m\libc.a(lib_a-strlen-stub.o)
 .ARM.attributes
                0x000008ae       0x2c c:/program files (x86)/atmel/studio/7.0/toolchain/arm/arm-gnu-toolchain/bin/../lib/gcc/arm-none-eabi/6.3.1/../../../../arm-none-eabi/lib/thumb/v6-m\libc.a(lib_a-vfprintf.o)
 .ARM.attributes
                0x000008da       0x2c c:/program files (x86)/atmel/studio/7.0/toolchain/arm/arm-gnu-toolchain/bin/../lib/gcc/arm-none-eabi/6.3.1/../../../../arm-none-eabi/lib/thumb/v6-m\libc.a(lib_a-wsetup.o)
 .ARM.attributes
                0x00000906       0x2c c:/program files (x86)/atmel/studio/7.0/toolchain/arm/arm-gnu-toolchain/bin/../lib/gcc/arm-none-eabi/6.3.1/../../../../arm-none-eabi/lib/thumb/v6-m\libc.a(lib_a-__call_atexit.o)
 .ARM.attributes
                0x00000932       0x2c c:/program files (x86)/atmel/studio/7.0/toolchain/arm/arm-gnu-toolchain/bin/../lib/gcc/arm-none-eabi/6.3.1/../../../../arm-none-eabi/lib/thumb/v6-m\libc.a(lib_a-atexit.o)
 .ARM.attributes
                0x0000095e       0x2c c:/program files (x86)/atmel/studio/7.0/toolchain/arm/arm-gnu-toolchain/bin/../lib/gcc/arm-none-eabi/6.3.1/../../../../arm-none-eabi/lib/thumb/v6-m\libc.a(lib_a-dtoa.o)
 .ARM.attributes
                0x0000098a       0x2c c:/program files (x86)/atmel/studio/7.0/toolchain/arm/arm-gnu-toolchain/bin/../lib/gcc/arm-none-eabi/6.3.1/../../../../arm-none-eabi/lib/thumb/v6-m\libc.a(lib_a-fflush.o)
 .ARM.attributes
                0x000009b6       0x2c c:/program files (x86)/atmel/studio/7.0/toolchain/arm/arm-gnu-toolchain/bin/../lib/gcc/arm-none-eabi/6.3.1/../../../../arm-none-eabi/lib/thumb/v6-m\libc.a(lib_a-findfp.o)
 .ARM.attributes
                0x000009e2       0x2c c:/program files (x86)/atmel/studio/7.0/toolchain/arm/arm-gnu-toolchain/bin/../lib/gcc/arm-none-eabi/6.3.1/../../../../arm-none-eabi/lib/thumb/v6-m\libc.a(lib_a-fini.o)
 .ARM.attributes
                0x00000a0e       0x2c c:/program files (x86)/atmel/studio/7.0/toolchain/arm/arm-gnu-toolchain/bin/../lib/gcc/arm-none-eabi/6.3.1/../../../../arm-none-eabi/lib/thumb/v6-m\libc.a(lib_a-freer.o)
 .ARM.attributes
                0x00000a3a       0x2c c:/program files (x86)/atmel/studio/7.0/toolchain/arm/arm-gnu-toolchain/bin/../lib/gcc/arm-none-eabi/6.3.1/../../../../arm-none-eabi/lib/thumb/v6-m\libc.a(lib_a-fvwrite.o)
 .ARM.attributes
                0x00000a66       0x2c c:/program files (x86)/atmel/studio/7.0/toolchain/arm/arm-gnu-toolchain/bin/../lib/gcc/arm-none-eabi/6.3.1/../../../../arm-none-eabi/lib/thumb/v6-m\libc.a(lib_a-fwalk.o)
 .ARM.attributes
                0x00000a92       0x2c c:/program files (x86)/atmel/studio/7.0/toolchain/arm/arm-gnu-toolchain/bin/../lib/gcc/arm-none-eabi/6.3.1/../../../../arm-none-eabi/lib/thumb/v6-m\libc.a(lib_a-localeconv.o)
 .ARM.attributes
                0x00000abe       0x2c c:/program files (x86)/atmel/studio/7.0/toolchain/arm/arm-gnu-toolchain/bin/../lib/gcc/arm-none-eabi/6.3.1/../../../../arm-none-eabi/lib/thumb/v6-m\libc.a(lib_a-lock.o)
 .ARM.attributes
                0x00000aea       0x2c c:/program files (x86)/atmel/studio/7.0/toolchain/arm/arm-gnu-toolchain/bin/../lib/gcc/arm-none-eabi/6.3.1/../../../../arm-none-eabi/lib/thumb/v6-m\libc.a(lib_a-makebuf.o)
 .ARM.attributes
                0x00000b16       0x2c c:/program files (x86)/atmel/studio/7.0/toolchain/arm/arm-gnu-toolchain/bin/../lib/gcc/arm-none-eabi/6.3.1/../../../../arm-none-eabi/lib/thumb/v6-m\libc.a(lib_a-malloc.o)
 .ARM.attributes
                0x00000b42       0x2c c:/program files (x86)/atmel/studio/7.0/toolchain/arm/arm-gnu-toolchain/bin/../lib/gcc/arm-none-eabi/6.3.1/../../../../arm-none-eabi/lib/thumb/v6-m\libc.a(lib_a-mallocr.o)
 .ARM.attributes
                0x00000b6e       0x2c c:/program files (x86)/atmel/studio/7.0/toolchain/arm/arm-gnu-toolchain/bin/../lib/gcc/arm-none-eabi/6.3.1/../../../../arm-none-eabi/lib/thumb/v6-m\libc.a(lib_a-memchr-stub.o)
 .ARM.attributes
                0x00000b9a       0x2c c:/program files (x86)/atmel/studio/7.0/toolchain/arm/arm-gnu-toolchain/bin/../lib/gcc/arm-none-eabi/6.3.1/../../../../arm-none-eabi/lib/thumb/v6-m\libc.a(lib_a-memcpy-stub.o)
 .ARM.attributes
                0x00000bc6       0x2c c:/program files (x86)/atmel/studio/7.0/toolchain/arm/arm-gnu-toolchain/bin/../lib/gcc/arm-none-eabi/6.3.1/../../../../arm-none-eabi/lib/thumb/v6-m\libc.a(lib_a-memmove.o)
 .ARM.attributes
                0x00000bf2       0x2c c:/program files (x86)/atmel/studio/7.0/toolchain/arm/arm-gnu-toolchain/bin/../lib/gcc/arm-none-eabi/6.3.1/../../../../arm-none-eabi/lib/thumb/v6-m\libc.a(lib_a-mlock.o)
 .ARM.attributes
                0x00000c1e       0x2c c:/program files (x86)/atmel/studio/7.0/toolchain/arm/arm-gnu-toolchain/bin/../lib/gcc/arm-none-eabi/6.3.1/../../../../arm-none-eabi/lib/thumb/v6-m\libc.a(lib_a-mprec.o)
 .ARM.attributes
                0x00000c4a       0x2c c:/program files (x86)/atmel/studio/7.0/toolchain/arm/arm-gnu-toolchain/bin/../lib/gcc/arm-none-eabi/6.3.1/../../../../arm-none-eabi/lib/thumb/v6-m\libc.a(lib_a-reallocr.o)
 .ARM.attributes
                0x00000c76       0x2c c:/program files (x86)/atmel/studio/7.0/toolchain/arm/arm-gnu-toolchain/bin/../lib/gcc/arm-none-eabi/6.3.1/../../../../arm-none-eabi/lib/thumb/v6-m\libc.a(lib_a-sbrkr.o)
 .ARM.attributes
                0x00000ca2       0x2c c:/program files (x86)/atmel/studio/7.0/toolchain/arm/arm-gnu-toolchain/bin/../lib/gcc/arm-none-eabi/6.3.1/../../../../arm-none-eabi/lib/thumb/v6-m\libc.a(lib_a-stdio.o)
 .ARM.attributes
                0x00000cce       0x2c c:/program files (x86)/atmel/studio/7.0/toolchain/arm/arm-gnu-toolchain/bin/../lib/gcc/arm-none-eabi/6.3.1/../../../../arm-none-eabi/lib/thumb/v6-m\libc.a(lib_a-vfiprintf.o)
 .ARM.attributes
                0x00000cfa       0x2c c:/program files (x86)/atmel/studio/7.0/toolchain/arm/arm-gnu-toolchain/bin/../lib/gcc/arm-none-eabi/6.3.1/../../../../arm-none-eabi/lib/thumb/v6-m\libc.a(lib_a-writer.o)
 .ARM.attributes
                0x00000d26       0x2c c:/program files (x86)/atmel/studio/7.0/toolchain/arm/arm-gnu-toolchain/bin/../lib/gcc/arm-none-eabi/6.3.1/../../../../arm-none-eabi/lib/thumb/v6-m\libc.a(lib_a-__atexit.o)
 .ARM.attributes
                0x00000d52       0x2c c:/program files (x86)/atmel/studio/7.0/toolchain/arm/arm-gnu-toolchain/bin/../lib/gcc/arm-none-eabi/6.3.1/../../../../arm-none-eabi/lib/thumb/v6-m\libc.a(lib_a-callocr.o)
 .ARM.attributes
                0x00000d7e       0x2c c:/program files (x86)/atmel/studio/7.0/toolchain/arm/arm-gnu-toolchain/bin/../lib/gcc/arm-none-eabi/6.3.1/../../../../arm-none-eabi/lib/thumb/v6-m\libc.a(lib_a-closer.o)
 .ARM.attributes
                0x00000daa       0x2c c:/program files (x86)/atmel/studio/7.0/toolchain/arm/arm-gnu-toolchain/bin/../lib/gcc/arm-none-eabi/6.3.1/../../../../arm-none-eabi/lib/thumb/v6-m\libc.a(lib_a-fclose.o)
 .ARM.attributes
                0x00000dd6       0x2c c:/program files (x86)/atmel/studio/7.0/toolchain/arm/arm-gnu-toolchain/bin/../lib/gcc/arm-none-eabi/6.3.1/../../../../arm-none-eabi/lib/thumb/v6-m\libc.a(lib_a-fputwc.o)
 .ARM.attributes
                0x00000e02       0x2c c:/program files (x86)/atmel/studio/7.0/toolchain/arm/arm-gnu-toolchain/bin/../lib/gcc/arm-none-eabi/6.3.1/../../../../arm-none-eabi/lib/thumb/v6-m\libc.a(lib_a-fstatr.o)
 .ARM.attributes
                0x00000e2e       0x2c c:/program files (x86)/atmel/studio/7.0/toolchain/arm/arm-gnu-toolchain/bin/../lib/gcc/arm-none-eabi/6.3.1/../../../../arm-none-eabi/lib/thumb/v6-m\libc.a(lib_a-isattyr.o)
 .ARM.attributes
                0x00000e5a       0x2c c:/program files (x86)/atmel/studio/7.0/toolchain/arm/arm-gnu-toolchain/bin/../lib/gcc/arm-none-eabi/6.3.1/../../../../arm-none-eabi/lib/thumb/v6-m\libc.a(lib_a-locale.o)
 .ARM.attributes
                0x00000e86       0x2c c:/program files (x86)/atmel/studio/7.0/toolchain/arm/arm-gnu-toolchain/bin/../lib/gcc/arm-none-eabi/6.3.1/../../../../arm-none-eabi/lib/thumb/v6-m\libc.a(lib_a-lseekr.o)
 .ARM.attributes
                0x00000eb2       0x2c c:/program files (x86)/atmel/studio/7.0/toolchain/arm/arm-gnu-toolchain/bin/../lib/gcc/arm-none-eabi/6.3.1/../../../../arm-none-eabi/lib/thumb/v6-m\libc.a(lib_a-mbtowc_r.o)
 .ARM.attributes
                0x00000ede       0x2c c:/program files (x86)/atmel/studio/7.0/toolchain/arm/arm-gnu-toolchain/bin/../lib/gcc/arm-none-eabi/6.3.1/../../../../arm-none-eabi/lib/thumb/v6-m\libc.a(lib_a-readr.o)
 .ARM.attributes
                0x00000f0a       0x2c c:/program files (x86)/atmel/studio/7.0/toolchain/arm/arm-gnu-toolchain/bin/../lib/gcc/arm-none-eabi/6.3.1/../../../../arm-none-eabi/lib/thumb/v6-m\libc.a(lib_a-reent.o)
 .ARM.attributes
                0x00000f36       0x2c c:/program files (x86)/atmel/studio/7.0/toolchain/arm/arm-gnu-toolchain/bin/../lib/gcc/arm-none-eabi/6.3.1/../../../../arm-none-eabi/lib/thumb/v6-m\libc.a(lib_a-wbuf.o)
 .ARM.attributes
                0x00000f62       0x2c c:/program files (x86)/atmel/studio/7.0/toolchain/arm/arm-gnu-toolchain/bin/../lib/gcc/arm-none-eabi/6.3.1/../../../../arm-none-eabi/lib/thumb/v6-m\libc.a(lib_a-wcrtomb.o)
 .ARM.attributes
                0x00000f8e       0x2c c:/program files (x86)/atmel/studio/7.0/toolchain/arm/arm-gnu-toolchain/bin/../lib/gcc/arm-none-eabi/6.3.1/../../../../arm-none-eabi/lib/thumb/v6-m\libc.a(lib_a-wctomb_r.o)
 .ARM.attributes
                0x00000fba       0x2c c:/program files (x86)/atmel/studio/7.0/toolchain/arm/arm-gnu-toolchain/bin/../lib/gcc/arm-none-eabi/6.3.1/../../../../arm-none-eabi/lib/thumb/v6-m\libc.a(lib_a-ctype_.o)
 .ARM.attributes
                0x00000fe6       0x2c c:/program files (x86)/atmel/studio/7.0/toolchain/arm/arm-gnu-toolchain/bin/../lib/gcc/arm-none-eabi/6.3.1/thumb/v6-m\libgcc.a(adddf3.o)
 .ARM.attributes
                0x00001012       0x2c c:/program files (x86)/atmel/studio/7.0/toolchain/arm/arm-gnu-toolchain/bin/../lib/gcc/arm-none-eabi/6.3.1/thumb/v6-m\libgcc.a(unorddf2.o)
 .ARM.attributes
                0x0000103e       0x1e c:/program files (x86)/atmel/studio/7.0/toolchain/arm/arm-gnu-toolchain/bin/../lib/gcc/arm-none-eabi/6.3.1/thumb/v6-m/crtn.o

.comment        0x00000000       0x59
 .comment       0x00000000       0x59 ADXL345/ADXL34x.o
                                 0x5a (size before relaxing)
 .comment       0x00000059       0x5a ADXL345/ADXL34x_I2C.o
 .comment       0x00000059       0x5a atmel_start.o
 .comment       0x00000059       0x5a Device_Startup/startup_samd21.o
 .comment       0x00000059       0x5a driver_init.o
 .comment       0x00000059       0x5a hal/src/hal_delay.o
 .comment       0x00000059       0x5a hal/src/hal_i2c_m_sync.o
 .comment       0x00000059       0x5a hal/src/hal_io.o
 .comment       0x00000059       0x5a hal/src/hal_usart_sync.o
 .comment       0x00000059       0x5a hal/utils/src/utils_assert.o
 .comment       0x00000059       0x5a hal/utils/src/utils_syscalls.o
 .comment       0x00000059       0x5a hpl/core/hpl_core_m0plus_base.o
 .comment       0x00000059       0x5a hpl/core/hpl_init.o
 .comment       0x00000059       0x5a hpl/gclk/hpl_gclk.o
 .comment       0x00000059       0x5a hpl/pm/hpl_pm.o
 .comment       0x00000059       0x5a hpl/sercom/hpl_sercom.o
 .comment       0x00000059       0x5a hpl/sysctrl/hpl_sysctrl.o
 .comment       0x00000059       0x5a hpl/systick/hpl_systick.o
 .comment       0x00000059       0x5a led_flasher_main.o
 .comment       0x00000059       0x5a stdio_redirect/gcc/read.o
 .comment       0x00000059       0x5a stdio_redirect/gcc/write.o
 .comment       0x00000059       0x5a stdio_redirect/stdio_io.o
 .comment       0x00000059       0x5a stdio_start.o

.debug_info     0x00000000    0x24059
 .debug_info    0x00000000     0x16d2 ADXL345/ADXL34x.o
 .debug_info    0x000016d2      0xd9c ADXL345/ADXL34x_I2C.o
 .debug_info    0x0000246e      0xc0e atmel_start.o
 .debug_info    0x0000307c     0x3a28 Device_Startup/startup_samd21.o
 .debug_info    0x00006aa4     0x7e7b driver_init.o
 .debug_info    0x0000e91f      0x1dc hal/src/hal_delay.o
 .debug_info    0x0000eafb      0x878 hal/src/hal_i2c_m_sync.o
 .debug_info    0x0000f373      0x2b2 hal/src/hal_io.o
 .debug_info    0x0000f625      0xc56 hal/src/hal_usart_sync.o
 .debug_info    0x0001027b      0x107 hal/utils/src/utils_assert.o
 .debug_info    0x00010382      0xdca hal/utils/src/utils_syscalls.o
 .debug_info    0x0001114c      0x7f5 hpl/core/hpl_core_m0plus_base.o
 .debug_info    0x00011941      0x677 hpl/core/hpl_init.o
 .debug_info    0x00011fb8      0x4e1 hpl/gclk/hpl_gclk.o
 .debug_info    0x00012499      0xc6d hpl/pm/hpl_pm.o
 .debug_info    0x00013106     0xb35e hpl/sercom/hpl_sercom.o
 .debug_info    0x0001e464     0x1452 hpl/sysctrl/hpl_sysctrl.o
 .debug_info    0x0001f8b6      0x276 hpl/systick/hpl_systick.o
 .debug_info    0x0001fb2c     0x1884 led_flasher_main.o
 .debug_info    0x000213b0      0xa34 stdio_redirect/gcc/read.o
 .debug_info    0x00021de4      0xa34 stdio_redirect/gcc/write.o
 .debug_info    0x00022818      0xbe2 stdio_redirect/stdio_io.o
 .debug_info    0x000233fa      0xc5f stdio_start.o

.debug_abbrev   0x00000000     0x3229
 .debug_abbrev  0x00000000      0x35e ADXL345/ADXL34x.o
 .debug_abbrev  0x0000035e      0x225 ADXL345/ADXL34x_I2C.o
 .debug_abbrev  0x00000583      0x1b4 atmel_start.o
 .debug_abbrev  0x00000737      0x234 Device_Startup/startup_samd21.o
 .debug_abbrev  0x0000096b      0x372 driver_init.o
 .debug_abbrev  0x00000cdd       0xe1 hal/src/hal_delay.o
 .debug_abbrev  0x00000dbe      0x1a6 hal/src/hal_i2c_m_sync.o
 .debug_abbrev  0x00000f64      0x115 hal/src/hal_io.o
 .debug_abbrev  0x00001079      0x217 hal/src/hal_usart_sync.o
 .debug_abbrev  0x00001290       0x86 hal/utils/src/utils_assert.o
 .debug_abbrev  0x00001316      0x269 hal/utils/src/utils_syscalls.o
 .debug_abbrev  0x0000157f      0x2af hpl/core/hpl_core_m0plus_base.o
 .debug_abbrev  0x0000182e      0x1cc hpl/core/hpl_init.o
 .debug_abbrev  0x000019fa      0x1c3 hpl/gclk/hpl_gclk.o
 .debug_abbrev  0x00001bbd      0x211 hpl/pm/hpl_pm.o
 .debug_abbrev  0x00001dce      0x58f hpl/sercom/hpl_sercom.o
 .debug_abbrev  0x0000235d      0x20c hpl/sysctrl/hpl_sysctrl.o
 .debug_abbrev  0x00002569      0x185 hpl/systick/hpl_systick.o
 .debug_abbrev  0x000026ee      0x360 led_flasher_main.o
 .debug_abbrev  0x00002a4e      0x1e8 stdio_redirect/gcc/read.o
 .debug_abbrev  0x00002c36      0x1e8 stdio_redirect/gcc/write.o
 .debug_abbrev  0x00002e1e      0x229 stdio_redirect/stdio_io.o
 .debug_abbrev  0x00003047      0x1e2 stdio_start.o

.debug_loc      0x00000000     0xadb3
 .debug_loc     0x00000000      0x7b5 ADXL345/ADXL34x.o
 .debug_loc     0x000007b5      0x184 ADXL345/ADXL34x_I2C.o
 .debug_loc     0x00000939       0x20 atmel_start.o
 .debug_loc     0x00000959       0x40 Device_Startup/startup_samd21.o
 .debug_loc     0x00000999      0x6cf driver_init.o
 .debug_loc     0x00001068       0xc3 hal/src/hal_delay.o
 .debug_loc     0x0000112b      0x6df hal/src/hal_i2c_m_sync.o
 .debug_loc     0x0000180a      0x18a hal/src/hal_io.o
 .debug_loc     0x00001994      0x9b2 hal/src/hal_usart_sync.o
 .debug_loc     0x00002346      0x13b hal/utils/src/utils_syscalls.o
 .debug_loc     0x00002481      0x1d7 hpl/core/hpl_core_m0plus_base.o
 .debug_loc     0x00002658       0x4c hpl/core/hpl_init.o
 .debug_loc     0x000026a4       0xa3 hpl/gclk/hpl_gclk.o
 .debug_loc     0x00002747      0x11b hpl/pm/hpl_pm.o
 .debug_loc     0x00002862     0x7e59 hpl/sercom/hpl_sercom.o
 .debug_loc     0x0000a6bb      0x160 hpl/sysctrl/hpl_sysctrl.o
 .debug_loc     0x0000a81b      0x10e hpl/systick/hpl_systick.o
 .debug_loc     0x0000a929      0x133 led_flasher_main.o
 .debug_loc     0x0000aa5c       0xe8 stdio_redirect/gcc/read.o
 .debug_loc     0x0000ab44       0xdc stdio_redirect/gcc/write.o
 .debug_loc     0x0000ac20      0x153 stdio_redirect/stdio_io.o
 .debug_loc     0x0000ad73       0x40 stdio_start.o

.debug_aranges  0x00000000      0xa70
 .debug_aranges
                0x00000000       0x90 ADXL345/ADXL34x.o
 .debug_aranges
                0x00000090       0x40 ADXL345/ADXL34x_I2C.o
 .debug_aranges
                0x000000d0       0x20 atmel_start.o
 .debug_aranges
                0x000000f0       0x28 Device_Startup/startup_samd21.o
 .debug_aranges
                0x00000118       0x58 driver_init.o
 .debug_aranges
                0x00000170       0x38 hal/src/hal_delay.o
 .debug_aranges
                0x000001a8       0x88 hal/src/hal_i2c_m_sync.o
 .debug_aranges
                0x00000230       0x30 hal/src/hal_io.o
 .debug_aranges
                0x00000260       0xa8 hal/src/hal_usart_sync.o
 .debug_aranges
                0x00000308       0x20 hal/utils/src/utils_assert.o
 .debug_aranges
                0x00000328       0x60 hal/utils/src/utils_syscalls.o
 .debug_aranges
                0x00000388       0x70 hpl/core/hpl_core_m0plus_base.o
 .debug_aranges
                0x000003f8       0x20 hpl/core/hpl_init.o
 .debug_aranges
                0x00000418       0x28 hpl/gclk/hpl_gclk.o
 .debug_aranges
                0x00000440       0x30 hpl/pm/hpl_pm.o
 .debug_aranges
                0x00000470      0x4c8 hpl/sercom/hpl_sercom.o
 .debug_aranges
                0x00000938       0x28 hpl/sysctrl/hpl_sysctrl.o
 .debug_aranges
                0x00000960       0x48 hpl/systick/hpl_systick.o
 .debug_aranges
                0x000009a8       0x28 led_flasher_main.o
 .debug_aranges
                0x000009d0       0x20 stdio_redirect/gcc/read.o
 .debug_aranges
                0x000009f0       0x20 stdio_redirect/gcc/write.o
 .debug_aranges
                0x00000a10       0x38 stdio_redirect/stdio_io.o
 .debug_aranges
                0x00000a48       0x28 stdio_start.o

.debug_ranges   0x00000000      0xeb8
 .debug_ranges  0x00000000       0xe0 ADXL345/ADXL34x.o
 .debug_ranges  0x000000e0       0x30 ADXL345/ADXL34x_I2C.o
 .debug_ranges  0x00000110       0x10 atmel_start.o
 .debug_ranges  0x00000120       0x18 Device_Startup/startup_samd21.o
 .debug_ranges  0x00000138       0x48 driver_init.o
 .debug_ranges  0x00000180       0x28 hal/src/hal_delay.o
 .debug_ranges  0x000001a8       0x78 hal/src/hal_i2c_m_sync.o
 .debug_ranges  0x00000220       0x20 hal/src/hal_io.o
 .debug_ranges  0x00000240       0x98 hal/src/hal_usart_sync.o
 .debug_ranges  0x000002d8       0x10 hal/utils/src/utils_assert.o
 .debug_ranges  0x000002e8       0x50 hal/utils/src/utils_syscalls.o
 .debug_ranges  0x00000338       0x60 hpl/core/hpl_core_m0plus_base.o
 .debug_ranges  0x00000398       0x10 hpl/core/hpl_init.o
 .debug_ranges  0x000003a8       0x18 hpl/gclk/hpl_gclk.o
 .debug_ranges  0x000003c0       0x20 hpl/pm/hpl_pm.o
 .debug_ranges  0x000003e0      0x9f8 hpl/sercom/hpl_sercom.o
 .debug_ranges  0x00000dd8       0x30 hpl/sysctrl/hpl_sysctrl.o
 .debug_ranges  0x00000e08       0x38 hpl/systick/hpl_systick.o
 .debug_ranges  0x00000e40       0x18 led_flasher_main.o
 .debug_ranges  0x00000e58       0x10 stdio_redirect/gcc/read.o
 .debug_ranges  0x00000e68       0x10 stdio_redirect/gcc/write.o
 .debug_ranges  0x00000e78       0x28 stdio_redirect/stdio_io.o
 .debug_ranges  0x00000ea0       0x18 stdio_start.o

.debug_macro    0x00000000    0x1bd8e
 .debug_macro   0x00000000      0x6b7 ADXL345/ADXL34x.o
 .debug_macro   0x000006b7      0x8aa ADXL345/ADXL34x.o
 .debug_macro   0x00000f61      0x16d ADXL345/ADXL34x.o
 .debug_macro   0x000010ce       0x22 ADXL345/ADXL34x.o
 .debug_macro   0x000010f0       0x87 ADXL345/ADXL34x.o
 .debug_macro   0x00001177       0x51 ADXL345/ADXL34x.o
 .debug_macro   0x000011c8       0xef ADXL345/ADXL34x.o
 .debug_macro   0x000012b7       0x6a ADXL345/ADXL34x.o
 .debug_macro   0x00001321      0x1df ADXL345/ADXL34x.o
 .debug_macro   0x00001500       0x22 ADXL345/ADXL34x.o
 .debug_macro   0x00001522       0x3f ADXL345/ADXL34x.o
 .debug_macro   0x00001561       0x1c ADXL345/ADXL34x.o
 .debug_macro   0x0000157d       0x22 ADXL345/ADXL34x.o
 .debug_macro   0x0000159f       0xb5 ADXL345/ADXL34x.o
 .debug_macro   0x00001654      0x3ad ADXL345/ADXL34x.o
 .debug_macro   0x00001a01      0x67e ADXL345/ADXL34x.o
 .debug_macro   0x0000207f      0x8b1 ADXL345/ADXL34x.o
 .debug_macro   0x00002930      0x22e ADXL345/ADXL34x.o
 .debug_macro   0x00002b5e      0xd5c ADXL345/ADXL34x.o
 .debug_macro   0x000038ba      0x4dc ADXL345/ADXL34x.o
 .debug_macro   0x00003d96      0x9f6 ADXL345/ADXL34x.o
 .debug_macro   0x0000478c      0x82b ADXL345/ADXL34x.o
 .debug_macro   0x00004fb7      0x45f ADXL345/ADXL34x.o
 .debug_macro   0x00005416       0x5e ADXL345/ADXL34x.o
 .debug_macro   0x00005474      0x8f9 ADXL345/ADXL34x.o
 .debug_macro   0x00005d6d      0x21c ADXL345/ADXL34x.o
 .debug_macro   0x00005f89      0x735 ADXL345/ADXL34x.o
 .debug_macro   0x000066be       0x5e ADXL345/ADXL34x.o
 .debug_macro   0x0000671c      0x632 ADXL345/ADXL34x.o
 .debug_macro   0x00006d4e      0x3ac ADXL345/ADXL34x.o
 .debug_macro   0x000070fa      0xc76 ADXL345/ADXL34x.o
 .debug_macro   0x00007d70     0x1092 ADXL345/ADXL34x.o
 .debug_macro   0x00008e02      0xc4a ADXL345/ADXL34x.o
 .debug_macro   0x00009a4c      0x6ba ADXL345/ADXL34x.o
 .debug_macro   0x0000a106     0x1b3d ADXL345/ADXL34x.o
 .debug_macro   0x0000bc43     0x143c ADXL345/ADXL34x.o
 .debug_macro   0x0000d07f      0x340 ADXL345/ADXL34x.o
 .debug_macro   0x0000d3bf       0x7c ADXL345/ADXL34x.o
 .debug_macro   0x0000d43b       0xa0 ADXL345/ADXL34x.o
 .debug_macro   0x0000d4db       0x4c ADXL345/ADXL34x.o
 .debug_macro   0x0000d527       0xca ADXL345/ADXL34x.o
 .debug_macro   0x0000d5f1       0x94 ADXL345/ADXL34x.o
 .debug_macro   0x0000d685       0x58 ADXL345/ADXL34x.o
 .debug_macro   0x0000d6dd      0x341 ADXL345/ADXL34x.o
 .debug_macro   0x0000da1e       0x82 ADXL345/ADXL34x.o
 .debug_macro   0x0000daa0      0x189 ADXL345/ADXL34x.o
 .debug_macro   0x0000dc29       0xb8 ADXL345/ADXL34x.o
 .debug_macro   0x0000dce1       0xa0 ADXL345/ADXL34x.o
 .debug_macro   0x0000dd81       0xb2 ADXL345/ADXL34x.o
 .debug_macro   0x0000de33       0x1c ADXL345/ADXL34x.o
 .debug_macro   0x0000de4f       0x1c ADXL345/ADXL34x.o
 .debug_macro   0x0000de6b       0x1c ADXL345/ADXL34x.o
 .debug_macro   0x0000de87       0x7c ADXL345/ADXL34x.o
 .debug_macro   0x0000df03      0x15a ADXL345/ADXL34x.o
 .debug_macro   0x0000e05d       0x10 ADXL345/ADXL34x.o
 .debug_macro   0x0000e06d       0xdc ADXL345/ADXL34x.o
 .debug_macro   0x0000e149      0x124 ADXL345/ADXL34x.o
 .debug_macro   0x0000e26d      0x124 ADXL345/ADXL34x.o
 .debug_macro   0x0000e391      0x124 ADXL345/ADXL34x.o
 .debug_macro   0x0000e4b5      0x124 ADXL345/ADXL34x.o
 .debug_macro   0x0000e5d9      0x124 ADXL345/ADXL34x.o
 .debug_macro   0x0000e6fd      0x124 ADXL345/ADXL34x.o
 .debug_macro   0x0000e821      0x124 ADXL345/ADXL34x.o
 .debug_macro   0x0000e945       0xe2 ADXL345/ADXL34x.o
 .debug_macro   0x0000ea27       0xe2 ADXL345/ADXL34x.o
 .debug_macro   0x0000eb09       0xe2 ADXL345/ADXL34x.o
 .debug_macro   0x0000ebeb       0xe2 ADXL345/ADXL34x.o
 .debug_macro   0x0000eccd       0xe2 ADXL345/ADXL34x.o
 .debug_macro   0x0000edaf      0x12a ADXL345/ADXL34x.o
 .debug_macro   0x0000eed9      0x100 ADXL345/ADXL34x.o
 .debug_macro   0x0000efd9       0xf4 ADXL345/ADXL34x.o
 .debug_macro   0x0000f0cd      0x40f ADXL345/ADXL34x.o
 .debug_macro   0x0000f4dc       0x40 ADXL345/ADXL34x.o
 .debug_macro   0x0000f51c      0x392 ADXL345/ADXL34x.o
 .debug_macro   0x0000f8ae     0x1fb0 ADXL345/ADXL34x.o
 .debug_macro   0x0001185e       0x6d ADXL345/ADXL34x.o
 .debug_macro   0x000118cb       0x10 ADXL345/ADXL34x.o
 .debug_macro   0x000118db       0x10 ADXL345/ADXL34x.o
 .debug_macro   0x000118eb       0x16 ADXL345/ADXL34x.o
 .debug_macro   0x00011901       0x16 ADXL345/ADXL34x.o
 .debug_macro   0x00011917       0x16 ADXL345/ADXL34x.o
 .debug_macro   0x0001192d       0x16 ADXL345/ADXL34x.o
 .debug_macro   0x00011943       0x16 ADXL345/ADXL34x.o
 .debug_macro   0x00011959       0x16 ADXL345/ADXL34x.o
 .debug_macro   0x0001196f       0x16 ADXL345/ADXL34x.o
 .debug_macro   0x00011985       0x16 ADXL345/ADXL34x.o
 .debug_macro   0x0001199b       0x16 ADXL345/ADXL34x.o
 .debug_macro   0x000119b1       0x16 ADXL345/ADXL34x.o
 .debug_macro   0x000119c7       0x16 ADXL345/ADXL34x.o
 .debug_macro   0x000119dd       0x16 ADXL345/ADXL34x.o
 .debug_macro   0x000119f3       0x16 ADXL345/ADXL34x.o
 .debug_macro   0x00011a09       0x16 ADXL345/ADXL34x.o
 .debug_macro   0x00011a1f      0x4c3 ADXL345/ADXL34x.o
 .debug_macro   0x00011ee2       0x94 ADXL345/ADXL34x.o
 .debug_macro   0x00011f76       0x16 ADXL345/ADXL34x.o
 .debug_macro   0x00011f8c       0x6a ADXL345/ADXL34x.o
 .debug_macro   0x00011ff6      0x28c ADXL345/ADXL34x.o
 .debug_macro   0x00012282      0x4d8 ADXL345/ADXL34x.o
 .debug_macro   0x0001275a       0x16 ADXL345/ADXL34x.o
 .debug_macro   0x00012770       0xca ADXL345/ADXL34x.o
 .debug_macro   0x0001283a       0x1c ADXL345/ADXL34x.o
 .debug_macro   0x00012856       0x16 ADXL345/ADXL34x.o
 .debug_macro   0x0001286c       0x52 ADXL345/ADXL34x.o
 .debug_macro   0x000128be       0x70 ADXL345/ADXL34x.o
 .debug_macro   0x0001292e       0x58 ADXL345/ADXL34x.o
 .debug_macro   0x00012986       0x35 ADXL345/ADXL34x.o
 .debug_macro   0x000129bb       0x9c ADXL345/ADXL34x.o
 .debug_macro   0x00012a57       0x16 ADXL345/ADXL34x.o
 .debug_macro   0x00012a6d       0x35 ADXL345/ADXL34x.o
 .debug_macro   0x00012aa2      0x34d ADXL345/ADXL34x.o
 .debug_macro   0x00012def       0x10 ADXL345/ADXL34x.o
 .debug_macro   0x00012dff       0x58 ADXL345/ADXL34x.o
 .debug_macro   0x00012e57       0x1f ADXL345/ADXL34x.o
 .debug_macro   0x00012e76       0x43 ADXL345/ADXL34x.o
 .debug_macro   0x00012eb9       0x20 ADXL345/ADXL34x.o
 .debug_macro   0x00012ed9      0x187 ADXL345/ADXL34x.o
 .debug_macro   0x00013060       0x10 ADXL345/ADXL34x.o
 .debug_macro   0x00013070       0x1c ADXL345/ADXL34x.o
 .debug_macro   0x0001308c       0x52 ADXL345/ADXL34x.o
 .debug_macro   0x000130de       0x40 ADXL345/ADXL34x.o
 .debug_macro   0x0001311e       0x10 ADXL345/ADXL34x.o
 .debug_macro   0x0001312e       0x40 ADXL345/ADXL34x.o
 .debug_macro   0x0001316e       0xd7 ADXL345/ADXL34x.o
 .debug_macro   0x00013245       0x16 ADXL345/ADXL34x.o
 .debug_macro   0x0001325b      0x18b ADXL345/ADXL34x.o
 .debug_macro   0x000133e6      0x1c1 ADXL345/ADXL34x.o
 .debug_macro   0x000135a7      0x1e1 ADXL345/ADXL34x.o
 .debug_macro   0x00013788      0x69b ADXL345/ADXL34x_I2C.o
 .debug_macro   0x00013e23      0x1c7 ADXL345/ADXL34x_I2C.o
 .debug_macro   0x00013fea      0x68b atmel_start.o
 .debug_macro   0x00014675      0x310 Device_Startup/startup_samd21.o
 .debug_macro   0x00014985       0x39 Device_Startup/startup_samd21.o
 .debug_macro   0x000149be      0x534 driver_init.o
 .debug_macro   0x00014ef2       0x42 driver_init.o
 .debug_macro   0x00014f34       0xc9 driver_init.o
 .debug_macro   0x00014ffd      0x470 hal/src/hal_delay.o
 .debug_macro   0x0001546d      0x479 hal/src/hal_i2c_m_sync.o
 .debug_macro   0x000158e6       0x6a hal/src/hal_i2c_m_sync.o
 .debug_macro   0x00015950      0x451 hal/src/hal_io.o
 .debug_macro   0x00015da1      0x478 hal/src/hal_usart_sync.o
 .debug_macro   0x00016219      0x447 hal/utils/src/utils_assert.o
 .debug_macro   0x00016660       0x10 hal/utils/src/utils_assert.o
 .debug_macro   0x00016670      0x1d6 hal/utils/src/utils_syscalls.o
 .debug_macro   0x00016846       0x52 hal/utils/src/utils_syscalls.o
 .debug_macro   0x00016898       0x8d hal/utils/src/utils_syscalls.o
 .debug_macro   0x00016925       0x57 hal/utils/src/utils_syscalls.o
 .debug_macro   0x0001697c       0x97 hal/utils/src/utils_syscalls.o
 .debug_macro   0x00016a13      0x353 hal/utils/src/utils_syscalls.o
 .debug_macro   0x00016d66       0xf6 hal/utils/src/utils_syscalls.o
 .debug_macro   0x00016e5c       0x4c hal/utils/src/utils_syscalls.o
 .debug_macro   0x00016ea8       0x16 hal/utils/src/utils_syscalls.o
 .debug_macro   0x00016ebe       0x10 hal/utils/src/utils_syscalls.o
 .debug_macro   0x00016ece       0x10 hal/utils/src/utils_syscalls.o
 .debug_macro   0x00016ede       0x35 hal/utils/src/utils_syscalls.o
 .debug_macro   0x00016f13      0x122 hal/utils/src/utils_syscalls.o
 .debug_macro   0x00017035      0x495 hpl/core/hpl_core_m0plus_base.o
 .debug_macro   0x000174ca      0x4b8 hpl/core/hpl_init.o
 .debug_macro   0x00017982       0x2e hpl/core/hpl_init.o
 .debug_macro   0x000179b0      0x6ec hpl/core/hpl_init.o
 .debug_macro   0x0001809c      0x45a hpl/gclk/hpl_gclk.o
 .debug_macro   0x000184f6      0x1f3 hpl/gclk/hpl_gclk.o
 .debug_macro   0x000186e9      0x47d hpl/pm/hpl_pm.o
 .debug_macro   0x00018b66      0x67f hpl/sercom/hpl_sercom.o
 .debug_macro   0x000191e5      0x11d hpl/sercom/hpl_sercom.o
 .debug_macro   0x00019302       0x10 hpl/sercom/hpl_sercom.o
 .debug_macro   0x00019312       0x1c hpl/sercom/hpl_sercom.o
 .debug_macro   0x0001932e       0x22 hpl/sercom/hpl_sercom.o
 .debug_macro   0x00019350       0x10 hpl/sercom/hpl_sercom.o
 .debug_macro   0x00019360      0x454 hpl/sysctrl/hpl_sysctrl.o
 .debug_macro   0x000197b4      0x2da hpl/sysctrl/hpl_sysctrl.o
 .debug_macro   0x00019a8e      0x44b hpl/systick/hpl_systick.o
 .debug_macro   0x00019ed9       0x10 hpl/systick/hpl_systick.o
 .debug_macro   0x00019ee9      0x6a5 led_flasher_main.o
 .debug_macro   0x0001a58e      0x599 stdio_redirect/gcc/read.o
 .debug_macro   0x0001ab27      0x599 stdio_redirect/gcc/write.o
 .debug_macro   0x0001b0c0      0x593 stdio_redirect/stdio_io.o
 .debug_macro   0x0001b653       0xaf stdio_redirect/stdio_io.o
 .debug_macro   0x0001b702      0x68c stdio_start.o

.debug_line     0x00000000    0x10c19
 .debug_line    0x00000000      0xde2 ADXL345/ADXL34x.o
 .debug_line    0x00000de2      0xc30 ADXL345/ADXL34x_I2C.o
 .debug_line    0x00001a12      0xbd0 atmel_start.o
 .debug_line    0x000025e2      0x709 Device_Startup/startup_samd21.o
 .debug_line    0x00002ceb      0xbe9 driver_init.o
 .debug_line    0x000038d4      0x9b1 hal/src/hal_delay.o
 .debug_line    0x00004285      0xaa1 hal/src/hal_i2c_m_sync.o
 .debug_line    0x00004d26      0x99a hal/src/hal_io.o
 .debug_line    0x000056c0      0xb72 hal/src/hal_usart_sync.o
 .debug_line    0x00006232      0x950 hal/utils/src/utils_assert.o
 .debug_line    0x00006b82      0x40b hal/utils/src/utils_syscalls.o
 .debug_line    0x00006f8d      0xafb hpl/core/hpl_core_m0plus_base.o